 Project1

 Timestamp is 69a2584d (Sat Feb 28 03:51:57 2026)

 Preferred load address is 0000000140000000

 Start         Length     Name                   Class
 0001:00000000 00002410H .text                   CODE
 0001:00002410 00000023H .text$_ZN6System7Classes15TComponentClassC1EPNS_10TMetaClassE CODE
 0001:00002440 0000000fH .text$__clang_call_terminate CODE
 0001:00002450 00000023H .text$_ZN6System7Classes15TComponentClassC2EPNS_10TMetaClassE CODE
 0001:00002480 0000001eH .text$_ZN6System15DelphiMetaClassINS_7Classes15TComponentClassEEC2EPNS_10TMetaClassE CODE
 0001:000024a0 00000ea9H .text                   CODE
 0001:00003350 0000006dH .text$_ZN3Vcl5Forms5TFormC3EPN6System7Classes10TComponentE CODE
 0001:000033c0 00000019H .text$_ZN8KorisnikD1Ev  CODE
 0001:000033e0 00000048H .text$_ZN10TLoginFormD0Ev CODE
 0001:00003430 00000077H .text$_ZN3Vcl5Forms5TFormC3EPN6System7Classes10TComponentEi CODE
 0001:000034b0 00000089H .text$_ZN3Vcl5Forms5TFormC3EPN6System7Classes10TComponentEii CODE
 0001:00003540 00000056H .text$_ZN8KorisnikD2Ev  CODE
 0001:000035a0 00000048H .text$_ZN3Vcl5Forms5TFormD0Ev CODE
 0001:000035f0 00006ae6H .text                   CODE
 0001:0000a0e0 000000c1H .text$_ZN6System8Sysutils11ERangeErrorC3ENS_13UnicodeStringE CODE
 0001:0000a1b0 00000048H .text$_ZN6System8Sysutils11ERangeErrorD0Ev CODE
 0001:0000a200 0000004aH .text$_ZN6System11WideCharLenIwEEiPKT_ CODE
 0001:0000a250 0000004aH .text$_ZN6System11WideCharLenIDsEEiPKT_ CODE
 0001:0000a2a0 00000059H .text$_ZN6System11AnsiStringTILt0EEC2EPKci CODE
 0001:0000a300 000000d0H .text$_ZN6System11AnsiStringTILt0EED2Ev CODE
 0001:0000a3d0 00000045H .text$_ZN6System13UnicodeStringaSEOS0_ CODE
 0001:0000a420 00000030H .text$_ZN6System11AnsiStringTILt0EEC2Ev CODE
 0001:0000a450 0000002aH .text$_ZN6System13UnicodeStringC2ILt0EEERKNS_11AnsiStringTIXT_EEE CODE
 0001:0000a480 00000046H .text$_ZN6System15DelphiInterfaceINS_14IEnumerator__1INS_13UnicodeStringEEEEC2ERKS4_ CODE
 0001:0000a4d0 000000eaH .text$_ZN6System15DelphiInterfaceINS_14IEnumerator__1INS_13UnicodeStringEEEED2Ev CODE
 0001:0000a5c0 00000046H .text$_ZN6System15DelphiInterfaceINS_14IEnumerable__1INS_13UnicodeStringEEEEC2ERKS4_ CODE
 0001:0000a610 000000eaH .text$_ZN6System15DelphiInterfaceINS_14IEnumerable__1INS_13UnicodeStringEEEED2Ev CODE
 0001:0000a700 000000c1H .text$_ZN6System8Sysutils9EIntErrorC3ENS_13UnicodeStringE CODE
 0001:0000a7d0 000000c1H .text$_ZN6System8Sysutils9EExternalC3ENS_13UnicodeStringE CODE
 0001:0000a8a0 00000048H .text$_ZN6System8Sysutils9EIntErrorD0Ev CODE
 0001:0000a8f0 00000048H .text$_ZN6System8Sysutils9EExternalD0Ev CODE
 0001:0000a940 00000023H .text$_ZN6System11AnsiStringTILt0EEC2ERKS1_ CODE
 0001:0000a970 00000012H .text$_ZN6System14AnsiStringBaseC2Ev CODE
 0001:0000a990 00000012H .text$_ZN6System15DelphiInterfaceINS_14IEnumerator__1INS_13UnicodeStringEEEEC2Ev CODE
 0001:0000a9b0 00000012H .text$_ZN6System15DelphiInterfaceINS_14IEnumerable__1INS_13UnicodeStringEEEEC2Ev CODE
 0001:0000a9d0 00001848H .text                   CODE
 0001:0000c220 0000000bH .text$_ZN6System15DelphiInterfaceINS_10IInterfaceEEadEv CODE
 0001:0000c230 00000046H .text$_ZN6System15DelphiInterfaceINS_10IInterfaceEED2Ev CODE
 0001:0000c280 00000029H .text$_ZNSt3__110lock_guardINS_5mutexEEC2B8ne200100ERS1_ CODE
 0001:0000c2b0 00000019H .text$_ZNSt3__113unordered_mapIPN6System7Typinfo9TTypeInfoEPSt9type_infoNS_4hashIS4_EENS_8equal_toIS4_EENS_9allocatorINS_4pairIKS4_S6_EEEEEC2B8ne200100Ev CODE
 0001:0000c2d0 00000019H .text$_ZNSt3__113unordered_mapIPN6System7Typinfo9TTypeInfoEPSt9type_infoNS_4hashIS4_EENS_8equal_toIS4_EENS_9allocatorINS_4pairIKS4_S6_EEEEED2B8ne200100Ev CODE
 0001:0000c2f0 00000080H .text$_ZNSt3__113unordered_mapIPN6System7Typinfo9TTypeInfoEPSt9type_infoNS_4hashIS4_EENS_8equal_toIS4_EENS_9allocatorINS_4pairIKS4_S6_EEEEEixERSD_ CODE
 0001:0000c370 0000004aH .text$_ZN6System11AnsiStringTILt65001EEC2ERKNS_13UnicodeStringE CODE
 0001:0000c3c0 0000008bH .text$_ZNK6System11AnsiStringTILt65001EEplERKS1_ CODE
 0001:0000c450 0000004aH .text$_ZN6System11AnsiStringTILt65001EEC2EPKc CODE
 0001:0000c4a0 00000030H .text$_ZN6System11AnsiStringTILt65001EEC2Ev CODE
 0001:0000c4d0 00000045H .text$_ZN6System11AnsiStringTILt65001EEaSEOS1_ CODE
 0001:0000c520 00000019H .text$_ZN6System11AnsiStringTILt65001EED2Ev CODE
 0001:0000c540 00000030H .text$_ZN10__cxxabiv117__class_type_infoC2Ev CODE
 0001:0000c570 0000003cH .text$_ZNK6System11AnsiStringTILt65001EE5c_strEv CODE
 0001:0000c5b0 0000001cH .text$_ZNSt3__110lock_guardINS_5mutexEED2B8ne200100Ev CODE
 0001:0000c5d0 00000030H .text$_ZN10__cxxabiv116__shim_type_infoC2Ev CODE
 0001:0000c600 0000005fH .text$_ZNSt3__112__hash_tableINS_17__hash_value_typeIPN6System7Typinfo9TTypeInfoEPSt9type_infoEENS_22__unordered_map_hasherIS5_S8_NS_4hashIS5_EENS_8equal_toIS5_EELb1EEENS_21__unordered_map_equalIS5_S8_SD_SB_Lb1EEENS_9allocatorIS8_EEEC2Ev CODE
 0001:0000c660 00000024H .text$_ZNSt3__110unique_ptrIA_PNS_16__hash_node_baseIPNS_11__hash_nodeINS_17__hash_value_typeIPN6System7Typinfo9TTypeInfoEPSt9type_infoEEPvEEEENS_25__bucket_list_deallocatorINS_9allocatorISF_EEEEEC2B8ne200100ILb1EvEEv CODE
 0001:0000c690 00000012H .text$_ZNSt3__116__hash_node_baseIPNS_11__hash_nodeINS_17__hash_value_typeIPN6System7Typinfo9TTypeInfoEPSt9type_infoEEPvEEEC2B8ne200100Ev CODE
 0001:0000c6b0 00000019H .text$_ZNSt3__19allocatorINS_11__hash_nodeINS_17__hash_value_typeIPN6System7Typinfo9TTypeInfoEPSt9type_infoEEPvEEEC2B8ne200100Ev CODE
 0001:0000c6d0 00000007H .text$_ZNSt3__122__unordered_map_hasherIPN6System7Typinfo9TTypeInfoENS_17__hash_value_typeIS4_PSt9type_infoEENS_4hashIS4_EENS_8equal_toIS4_EELb1EEC2B8ne200100Ev CODE
 0001:0000c6e0 00000007H .text$_ZNSt3__121__unordered_map_equalIPN6System7Typinfo9TTypeInfoENS_17__hash_value_typeIS4_PSt9type_infoEENS_8equal_toIS4_EENS_4hashIS4_EELb1EEC2B8ne200100Ev CODE
 0001:0000c6f0 00000020H .text$_ZNSt3__125__bucket_list_deallocatorINS_9allocatorIPNS_16__hash_node_baseIPNS_11__hash_nodeINS_17__hash_value_typeIPN6System7Typinfo9TTypeInfoEPSt9type_infoEEPvEEEEEEEC2B8ne200100Ev CODE
 0001:0000c710 00000019H .text$_ZNSt3__19allocatorIPNS_16__hash_node_baseIPNS_11__hash_nodeINS_17__hash_value_typeIPN6System7Typinfo9TTypeInfoEPSt9type_infoEEPvEEEEEC2B8ne200100Ev CODE
 0001:0000c730 00000007H .text$_ZNSt3__116__non_trivial_ifILb1ENS_9allocatorIPNS_16__hash_node_baseIPNS_11__hash_nodeINS_17__hash_value_typeIPN6System7Typinfo9TTypeInfoEPSt9type_infoEEPvEEEEEEEC2B8ne200100Ev CODE
 0001:0000c740 00000007H .text$_ZNSt3__116__non_trivial_ifILb1ENS_9allocatorINS_11__hash_nodeINS_17__hash_value_typeIPN6System7Typinfo9TTypeInfoEPSt9type_infoEEPvEEEEEC2B8ne200100Ev CODE
 0001:0000c750 0000002cH .text$_ZNSt3__112__hash_tableINS_17__hash_value_typeIPN6System7Typinfo9TTypeInfoEPSt9type_infoEENS_22__unordered_map_hasherIS5_S8_NS_4hashIS5_EENS_8equal_toIS5_EELb1EEENS_21__unordered_map_equalIS5_S8_SD_SB_Lb1EEENS_9allocatorIS8_EEED2Ev CODE
 0001:0000c780 000000c0H .text$_ZNSt3__112__hash_tableINS_17__hash_value_typeIPN6System7Typinfo9TTypeInfoEPSt9type_infoEENS_22__unordered_map_hasherIS5_S8_NS_4hashIS5_EENS_8equal_toIS5_EELb1EEENS_21__unordered_map_equalIS5_S8_SD_SB_Lb1EEENS_9allocatorIS8_EEE17__deallocate_nodeEPNS_16__hash_node_baseIPNS_11__hash_nodeIS8_PvEEEE CODE
 0001:0000c840 0000001dH .text$_ZNSt3__110unique_ptrIA_PNS_16__hash_node_baseIPNS_11__hash_nodeINS_17__hash_value_typeIPN6System7Typinfo9TTypeInfoEPSt9type_infoEEPvEEEENS_25__bucket_list_deallocatorINS_9allocatorISF_EEEEED2B8ne200100Ev CODE
 0001:0000c860 0000000bH .text$_ZNSt3__112__hash_tableINS_17__hash_value_typeIPN6System7Typinfo9TTypeInfoEPSt9type_infoEENS_22__unordered_map_hasherIS5_S8_NS_4hashIS5_EENS_8equal_toIS5_EELb1EEENS_21__unordered_map_equalIS5_S8_SD_SB_Lb1EEENS_9allocatorIS8_EEE12__node_allocB8ne200100Ev CODE
 0001:0000c870 00000019H .text$_ZNSt3__116__hash_node_baseIPNS_11__hash_nodeINS_17__hash_value_typeIPN6System7Typinfo9TTypeInfoEPSt9type_infoEEPvEEE8__upcastB8ne200100Ev CODE
 0001:0000c890 0000001eH .text$_ZNSt3__116allocator_traitsINS_9allocatorINS_11__hash_nodeINS_17__hash_value_typeIPN6System7Typinfo9TTypeInfoEPSt9type_infoEEPvEEEEE7destroyB8ne200100INS_4pairIKS7_S9_EEvTnNS_9enable_ifIXntsr13__has_destroyISD_PT_EE5valueEiE4typeELi0EEEvRSD_SL_ CODE
 0001:0000c8b0 00000019H .text$_ZNSt3__122__hash_key_value_typesINS_17__hash_value_typeIPN6System7Typinfo9TTypeInfoEPSt9type_infoEEE9__get_ptrB8ne200100ERS8_ CODE
 0001:0000c8d0 0000000fH .text$_ZNSt3__111__hash_nodeINS_17__hash_value_typeIPN6System7Typinfo9TTypeInfoEPSt9type_infoEEPvE11__get_valueB8ne200100Ev CODE
 0001:0000c8e0 00000019H .text$_ZNSt3__112__destroy_atB8ne200100INS_11__hash_nodeINS_17__hash_value_typeIPN6System7Typinfo9TTypeInfoEPSt9type_infoEEPvEETnNS_9enable_ifIXntsr8is_arrayIT_EE5valueEiE4typeELi0EEEvPSD_ CODE
 0001:0000c900 0000002dH .text$_ZNSt3__116allocator_traitsINS_9allocatorINS_11__hash_nodeINS_17__hash_value_typeIPN6System7Typinfo9TTypeInfoEPSt9type_infoEEPvEEEEE10deallocateB8ne200100ERSD_PSC_y CODE
 0001:0000c930 0000000bH .text$_ZNSt3__114pointer_traitsIPNS_16__hash_node_baseIPNS_11__hash_nodeINS_17__hash_value_typeIPN6System7Typinfo9TTypeInfoEPSt9type_infoEEPvEEEEE10pointer_toB8ne200100ERSE_ CODE
 0001:0000c940 00000007H .text$_ZNSt3__112__destroy_atB8ne200100INS_4pairIKPN6System7Typinfo9TTypeInfoEPSt9type_infoEETnNS_9enable_ifIXntsr8is_arrayIT_EE5valueEiE4typeELi0EEEvPSB_ CODE
 0001:0000c950 00000019H .text$_ZNSt3__117__hash_value_typeIPN6System7Typinfo9TTypeInfoEPSt9type_infoE11__get_valueB8ne200100Ev CODE
 0001:0000c970 00000019H .text$_ZNSt3__17launderB8ne200100INS_4pairIKPN6System7Typinfo9TTypeInfoEPSt9type_infoEEEEPT_SB_ CODE
 0001:0000c990 0000000bH .text$_ZNSt3__19__launderB8ne200100INS_4pairIKPN6System7Typinfo9TTypeInfoEPSt9type_infoEEEEPT_SB_ CODE
 0001:0000c9a0 00000007H .text$_ZNSt3__111__hash_nodeINS_17__hash_value_typeIPN6System7Typinfo9TTypeInfoEPSt9type_infoEEPvED2B8ne200100Ev CODE
 0001:0000c9b0 0000002eH .text$_ZNSt3__19allocatorINS_11__hash_nodeINS_17__hash_value_typeIPN6System7Typinfo9TTypeInfoEPSt9type_infoEEPvEEE10deallocateB8ne200100EPSB_y CODE
 0001:0000c9e0 0000005cH .text$_ZNSt3__119__libcpp_deallocateB8ne200100INS_11__hash_nodeINS_17__hash_value_typeIPN6System7Typinfo9TTypeInfoEPSt9type_infoEEPvEEEEvPNS_15__type_identityIT_E4typeENS_15__element_countEy CODE
 0001:0000ca40 00000011H .text$_ZNSt3__124__is_overaligned_for_newB8ne200100Ey CODE
 0001:0000ca60 00000023H .text$_ZNSt3__124__libcpp_operator_deleteB8ne200100IJPNS_11__hash_nodeINS_17__hash_value_typeIPN6System7Typinfo9TTypeInfoEPSt9type_infoEEPvEESt11align_val_tEEEvDpT_ CODE
 0001:0000ca90 00000019H .text$_ZNSt3__124__libcpp_operator_deleteB8ne200100IJPNS_11__hash_nodeINS_17__hash_value_typeIPN6System7Typinfo9TTypeInfoEPSt9type_infoEEPvEEEEEvDpT_ CODE
 0001:0000cab0 00000048H .text$_ZNSt3__110unique_ptrIA_PNS_16__hash_node_baseIPNS_11__hash_nodeINS_17__hash_value_typeIPN6System7Typinfo9TTypeInfoEPSt9type_infoEEPvEEEENS_25__bucket_list_deallocatorINS_9allocatorISF_EEEEE5resetB8ne200100EDn CODE
 0001:0000cb00 0000004eH .text$_ZNSt3__125__bucket_list_deallocatorINS_9allocatorIPNS_16__hash_node_baseIPNS_11__hash_nodeINS_17__hash_value_typeIPN6System7Typinfo9TTypeInfoEPSt9type_infoEEPvEEEEEEEclB8ne200100EPSG_ CODE
 0001:0000cb50 0000002dH .text$_ZNSt3__116allocator_traitsINS_9allocatorIPNS_16__hash_node_baseIPNS_11__hash_nodeINS_17__hash_value_typeIPN6System7Typinfo9TTypeInfoEPSt9type_infoEEPvEEEEEEE10deallocateB8ne200100ERSH_PSG_y CODE
 0001:0000cb80 0000000bH .text$_ZNSt3__125__bucket_list_deallocatorINS_9allocatorIPNS_16__hash_node_baseIPNS_11__hash_nodeINS_17__hash_value_typeIPN6System7Typinfo9TTypeInfoEPSt9type_infoEEPvEEEEEEE7__allocB8ne200100Ev CODE
 0001:0000cb90 0000000bH .text$_ZNSt3__125__bucket_list_deallocatorINS_9allocatorIPNS_16__hash_node_baseIPNS_11__hash_nodeINS_17__hash_value_typeIPN6System7Typinfo9TTypeInfoEPSt9type_infoEEPvEEEEEEE4sizeB8ne200100Ev CODE
 0001:0000cba0 0000002eH .text$_ZNSt3__19allocatorIPNS_16__hash_node_baseIPNS_11__hash_nodeINS_17__hash_value_typeIPN6System7Typinfo9TTypeInfoEPSt9type_infoEEPvEEEEE10deallocateB8ne200100EPSF_y CODE
 0001:0000cbd0 0000005cH .text$_ZNSt3__119__libcpp_deallocateB8ne200100IPNS_16__hash_node_baseIPNS_11__hash_nodeINS_17__hash_value_typeIPN6System7Typinfo9TTypeInfoEPSt9type_infoEEPvEEEEEEvPNS_15__type_identityIT_E4typeENS_15__element_countEy CODE
 0001:0000cc30 00000023H .text$_ZNSt3__124__libcpp_operator_deleteB8ne200100IJPPNS_16__hash_node_baseIPNS_11__hash_nodeINS_17__hash_value_typeIPN6System7Typinfo9TTypeInfoEPSt9type_infoEEPvEEEESt11align_val_tEEEvDpT_ CODE
 0001:0000cc60 00000019H .text$_ZNSt3__124__libcpp_operator_deleteB8ne200100IJPPNS_16__hash_node_baseIPNS_11__hash_nodeINS_17__hash_value_typeIPN6System7Typinfo9TTypeInfoEPSt9type_infoEEPvEEEEEEEvDpT_ CODE
 0001:0000cc80 00000726H .text$_ZNSt3__112__hash_tableINS_17__hash_value_typeIPN6System7Typinfo9TTypeInfoEPSt9type_infoEENS_22__unordered_map_hasherIS5_S8_NS_4hashIS5_EENS_8equal_toIS5_EELb1EEENS_21__unordered_map_equalIS5_S8_SD_SB_Lb1EEENS_9allocatorIS8_EEE25__emplace_unique_key_argsIS5_JRKNS_21piecewise_construct_tENS_5tupleIJRKS5_EEENSO_IJEEEEEENS_4pairINS_15__hash_iteratorIPNS_11__hash_nodeIS8_PvEEEEbEERKT_DpOT0_ CODE
 0001:0000d3b0 00000022H .text$_ZNSt3__116forward_as_tupleB8ne200100IJRKPN6System7Typinfo9TTypeInfoEEEENS_5tupleIJDpOT_EEESA_ CODE
 0001:0000d3e0 00000007H .text$_ZNSt3__116forward_as_tupleB8ne200100IJEEENS_5tupleIJDpOT_EEES4_ CODE
 0001:0000d3f0 0000002cH .text$_ZNKSt3__115__hash_iteratorIPNS_11__hash_nodeINS_17__hash_value_typeIPN6System7Typinfo9TTypeInfoEPSt9type_infoEEPvEEEptB8ne200100Ev CODE
 0001:0000d420 0000000bH .text$_ZNSt3__112__hash_tableINS_17__hash_value_typeIPN6System7Typinfo9TTypeInfoEPSt9type_infoEENS_22__unordered_map_hasherIS5_S8_NS_4hashIS5_EENS_8equal_toIS5_EELb1EEENS_21__unordered_map_equalIS5_S8_SD_SB_Lb1EEENS_9allocatorIS8_EEE13hash_functionB8ne200100Ev CODE
 0001:0000d430 00000026H .text$_ZNKSt3__122__unordered_map_hasherIPN6System7Typinfo9TTypeInfoENS_17__hash_value_typeIS4_PSt9type_infoEENS_4hashIS4_EENS_8equal_toIS4_EELb1EEclB8ne200100ERKS4_ CODE
 0001:0000d460 00000021H .text$_ZNKSt3__112__hash_tableINS_17__hash_value_typeIPN6System7Typinfo9TTypeInfoEPSt9type_infoEENS_22__unordered_map_hasherIS5_S8_NS_4hashIS5_EENS_8equal_toIS5_EELb1EEENS_21__unordered_map_equalIS5_S8_SD_SB_Lb1EEENS_9allocatorIS8_EEE12bucket_countB8ne200100Ev CODE
 0001:0000d490 00000079H .text$_ZNSt3__116__constrain_hashB8ne200100Eyy CODE
 0001:0000d510 00000025H .text$_ZNKSt3__110unique_ptrIA_PNS_16__hash_node_baseIPNS_11__hash_nodeINS_17__hash_value_typeIPN6System7Typinfo9TTypeInfoEPSt9type_infoEEPvEEEENS_25__bucket_list_deallocatorINS_9allocatorISF_EEEEEixB8ne200100Ey CODE
 0001:0000d540 0000000fH .text$_ZNKSt3__116__hash_node_baseIPNS_11__hash_nodeINS_17__hash_value_typeIPN6System7Typinfo9TTypeInfoEPSt9type_infoEEPvEEE6__hashB8ne200100Ev CODE
 0001:0000d550 0000000bH .text$_ZNSt3__112__hash_tableINS_17__hash_value_typeIPN6System7Typinfo9TTypeInfoEPSt9type_infoEENS_22__unordered_map_hasherIS5_S8_NS_4hashIS5_EENS_8equal_toIS5_EELb1EEENS_21__unordered_map_equalIS5_S8_SD_SB_Lb1EEENS_9allocatorIS8_EEE6key_eqB8ne200100Ev CODE
 0001:0000d560 00000040H .text$_ZNKSt3__121__unordered_map_equalIPN6System7Typinfo9TTypeInfoENS_17__hash_value_typeIS4_PSt9type_infoEENS_8equal_toIS4_EENS_4hashIS4_EELb1EEclB8ne200100ERKS8_RKS4_ CODE
 0001:0000d5a0 00000196H .text$_ZNSt3__112__hash_tableINS_17__hash_value_typeIPN6System7Typinfo9TTypeInfoEPSt9type_infoEENS_22__unordered_map_hasherIS5_S8_NS_4hashIS5_EENS_8equal_toIS5_EELb1EEENS_21__unordered_map_equalIS5_S8_SD_SB_Lb1EEENS_9allocatorIS8_EEE21__construct_node_hashIRKNS_21piecewise_construct_tEJNS_5tupleIJRKS5_EEENSO_IJEEEEEENS_10unique_ptrINS_11__hash_nodeIS8_PvEENS_22__hash_node_destructorINSH_ISW_EEEEEEyOT_DpOT0_ CODE
 0001:0000d740 0000000fH .text$_ZNSt3__112__hash_tableINS_17__hash_value_typeIPN6System7Typinfo9TTypeInfoEPSt9type_infoEENS_22__unordered_map_hasherIS5_S8_NS_4hashIS5_EENS_8equal_toIS5_EELb1EEENS_21__unordered_map_equalIS5_S8_SD_SB_Lb1EEENS_9allocatorIS8_EEE4sizeB8ne200100Ev CODE
 0001:0000d750 0000000fH .text$_ZNSt3__112__hash_tableINS_17__hash_value_typeIPN6System7Typinfo9TTypeInfoEPSt9type_infoEENS_22__unordered_map_hasherIS5_S8_NS_4hashIS5_EENS_8equal_toIS5_EELb1EEENS_21__unordered_map_equalIS5_S8_SD_SB_Lb1EEENS_9allocatorIS8_EEE15max_load_factorB8ne200100Ev CODE
 0001:0000d760 00000023H .text$_ZNSt3__112__hash_tableINS_17__hash_value_typeIPN6System7Typinfo9TTypeInfoEPSt9type_infoEENS_22__unordered_map_hasherIS5_S8_NS_4hashIS5_EENS_8equal_toIS5_EELb1EEENS_21__unordered_map_equalIS5_S8_SD_SB_Lb1EEENS_9allocatorIS8_EEE15__rehash_uniqueB8ne200100Ey CODE
 0001:0000d790 00000028H .text$_ZNSt3__13maxB8ne200100IyEERKT_S3_S3_ CODE
 0001:0000d7c0 00000040H .text$_ZNSt3__116__is_hash_power2B8ne200100Ey CODE
 0001:0000d800 0000001bH .text$_ZNSt3__16__math4ceilB8ne200100Ef CODE
 0001:0000d820 00000019H .text$_ZNSt3__116__hash_node_baseIPNS_11__hash_nodeINS_17__hash_value_typeIPN6System7Typinfo9TTypeInfoEPSt9type_infoEEPvEEE5__ptrB8ne200100Ev CODE
 0001:0000d840 0000000eH .text$_ZNKSt3__110unique_ptrINS_11__hash_nodeINS_17__hash_value_typeIPN6System7Typinfo9TTypeInfoEPSt9type_infoEEPvEENS_22__hash_node_destructorINS_9allocatorISB_EEEEEptB8ne200100Ev CODE
 0001:0000d850 0000000eH .text$_ZNKSt3__110unique_ptrINS_11__hash_nodeINS_17__hash_value_typeIPN6System7Typinfo9TTypeInfoEPSt9type_infoEEPvEENS_22__hash_node_destructorINS_9allocatorISB_EEEEE3getB8ne200100Ev CODE
 0001:0000d860 00000025H .text$_ZNSt3__110unique_ptrINS_11__hash_nodeINS_17__hash_value_typeIPN6System7Typinfo9TTypeInfoEPSt9type_infoEEPvEENS_22__hash_node_destructorINS_9allocatorISB_EEEEE7releaseB8ne200100Ev CODE
 0001:0000d890 0000001dH .text$_ZNSt3__110unique_ptrINS_11__hash_nodeINS_17__hash_value_typeIPN6System7Typinfo9TTypeInfoEPSt9type_infoEEPvEENS_22__hash_node_destructorINS_9allocatorISB_EEEEED2B8ne200100Ev CODE
 0001:0000d8b0 0000001eH .text$_ZNSt3__115__hash_iteratorIPNS_11__hash_nodeINS_17__hash_value_typeIPN6System7Typinfo9TTypeInfoEPSt9type_infoEEPvEEEC2B8ne200100EPNS_16__hash_node_baseISC_EE CODE
 0001:0000d8d0 00000033H .text$_ZNSt3__14pairINS_15__hash_iteratorIPNS_11__hash_nodeINS_17__hash_value_typeIPN6System7Typinfo9TTypeInfoEPSt9type_infoEEPvEEEEbEC2B8ne200100ISE_RbTnNS_9enable_ifIXclsr10_CheckArgsE23__is_pair_constructibleIT_T0_EEEiE4typeELi0EEEOSJ_OSK_ CODE
 0001:0000d910 00000047H .text$_ZNKSt3__14hashIPN6System7Typinfo9TTypeInfoEEclB8ne200100ES4_ CODE
 0001:0000d960 000004f2H .text$_ZNKSt3__121__murmur2_or_cityhashIyLy64EEclB8ne200100EPKvy CODE
 0001:0000de60 00000191H .text$_ZNSt3__121__murmur2_or_cityhashIyLy64EE18__hash_len_0_to_16B8ne200100EPKcy CODE
 0001:0000e000 0000010cH .text$_ZNSt3__121__murmur2_or_cityhashIyLy64EE19__hash_len_17_to_32B8ne200100EPKcy CODE
 0001:0000e110 00000339H .text$_ZNSt3__121__murmur2_or_cityhashIyLy64EE19__hash_len_33_to_64B8ne200100EPKcy CODE
 0001:0000e450 0000001eH .text$_ZNSt3__110__loadwordB8ne200100IyEET_PKv CODE
 0001:0000e470 00000095H .text$_ZNSt3__121__murmur2_or_cityhashIyLy64EE13__hash_len_16B8ne200100Eyy CODE
 0001:0000e510 000000b0H .text$_ZNSt3__121__murmur2_or_cityhashIyLy64EE29__weak_hash_len_32_with_seedsB8ne200100EPKcyy CODE
 0001:0000e5c0 00000051H .text$_ZNSt3__121__murmur2_or_cityhashIyLy64EE8__rotateB8ne200100Eyi CODE
 0001:0000e620 0000002dH .text$_ZNSt3__14pairIyyEaSB8ne200100EOS1_ CODE
 0001:0000e650 0000003bH .text$_ZNSt3__14swapB8ne200100IyEENS_9enable_ifIXaasr21is_move_constructibleIT_EE5valuesr18is_move_assignableIS2_EE5valueEvE4typeERS2_S5_ CODE
 0001:0000e690 00000016H .text$_ZNSt3__121__murmur2_or_cityhashIyLy64EE11__shift_mixB8ne200100Ey CODE
 0001:0000e6b0 00000037H .text$_ZNSt3__121__murmur2_or_cityhashIyLy64EE22__rotate_by_at_least_1B8ne200100Eyi CODE
 0001:0000e6f0 0000001dH .text$_ZNSt3__110__loadwordB8ne200100IjEET_PKv CODE
 0001:0000e710 0000011aH .text$_ZNSt3__121__murmur2_or_cityhashIyLy64EE29__weak_hash_len_32_with_seedsB8ne200100Eyyyyyy CODE
 0001:0000e830 00000032H .text$_ZNSt3__14pairIyyEC2B8ne200100IyyTnNS_9enable_ifIXclsr10_CheckArgsE23__is_pair_constructibleIT_T0_EEEiE4typeELi0EEEOS4_OS5_ CODE
 0001:0000e870 0000000fH .text$_ZNKSt3__110unique_ptrIA_PNS_16__hash_node_baseIPNS_11__hash_nodeINS_17__hash_value_typeIPN6System7Typinfo9TTypeInfoEPSt9type_infoEEPvEEEENS_25__bucket_list_deallocatorINS_9allocatorISF_EEEEE11get_deleterB8ne200100Ev CODE
 0001:0000e880 0000000eH .text$_ZNKSt3__125__bucket_list_deallocatorINS_9allocatorIPNS_16__hash_node_baseIPNS_11__hash_nodeINS_17__hash_value_typeIPN6System7Typinfo9TTypeInfoEPSt9type_infoEEPvEEEEEEE4sizeB8ne200100Ev CODE
 0001:0000e890 0000002bH .text$_ZNKSt3__18equal_toIPN6System7Typinfo9TTypeInfoEEclB8ne200100ERKS4_S7_ CODE
 0001:0000e8c0 00000019H .text$_ZNKSt3__117__hash_value_typeIPN6System7Typinfo9TTypeInfoEPSt9type_infoE11__get_valueB8ne200100Ev CODE
 0001:0000e8e0 00000019H .text$_ZNSt3__17launderB8ne200100IKNS_4pairIKPN6System7Typinfo9TTypeInfoEPSt9type_infoEEEEPT_SC_ CODE
 0001:0000e900 0000000bH .text$_ZNSt3__19__launderB8ne200100IKNS_4pairIKPN6System7Typinfo9TTypeInfoEPSt9type_infoEEEEPT_SC_ CODE
 0001:0000e910 00000023H .text$_ZNSt3__116allocator_traitsINS_9allocatorINS_11__hash_nodeINS_17__hash_value_typeIPN6System7Typinfo9TTypeInfoEPSt9type_infoEEPvEEEEE8allocateB8ne200100ERSD_y CODE
 0001:0000e940 00000033H .text$_ZNSt3__122__hash_node_destructorINS_9allocatorINS_11__hash_nodeINS_17__hash_value_typeIPN6System7Typinfo9TTypeInfoEPSt9type_infoEEPvEEEEEC2B8ne200100ERSD_b CODE
 0001:0000e980 00000043H .text$_ZNSt3__110unique_ptrINS_11__hash_nodeINS_17__hash_value_typeIPN6System7Typinfo9TTypeInfoEPSt9type_infoEEPvEENS_22__hash_node_destructorINS_9allocatorISB_EEEEEC2B8ne200100ILb1EvEEPSB_NS_16__dependent_typeINS_27__unique_ptr_deleter_sfinaeISF_EEXT_EE20__good_rval_ref_typeE CODE
 0001:0000e9d0 0000002dH .text$_ZNSt3__114__construct_atB8ne200100INS_11__hash_nodeINS_17__hash_value_typeIPN6System7Typinfo9TTypeInfoEPSt9type_infoEEPvEEJDnRyEPSB_EEPT_SF_DpOT0_ CODE
 0001:0000ea00 0000000eH .text$_ZNKSt3__110unique_ptrINS_11__hash_nodeINS_17__hash_value_typeIPN6System7Typinfo9TTypeInfoEPSt9type_infoEEPvEENS_22__hash_node_destructorINS_9allocatorISB_EEEEEdeB8ne200100Ev CODE
 0001:0000ea10 0000003cH .text$_ZNSt3__116allocator_traitsINS_9allocatorINS_11__hash_nodeINS_17__hash_value_typeIPN6System7Typinfo9TTypeInfoEPSt9type_infoEEPvEEEEE9constructB8ne200100INS_4pairIKS7_S9_EEJRKNS_21piecewise_construct_tENS_5tupleIJRSH_EEENSM_IJEEEEvTnNS_9enable_ifIXntsr15__has_constructISD_PT_DpT0_EE5valueEiE4typeELi0EEEvRSD_SS_DpOST_ CODE
 0001:0000ea50 0000000fH .text$_ZNSt3__110unique_ptrINS_11__hash_nodeINS_17__hash_value_typeIPN6System7Typinfo9TTypeInfoEPSt9type_infoEEPvEENS_22__hash_node_destructorINS_9allocatorISB_EEEEE11get_deleterB8ne200100Ev CODE
 0001:0000ea60 00000049H .text$_ZNSt3__19allocatorINS_11__hash_nodeINS_17__hash_value_typeIPN6System7Typinfo9TTypeInfoEPSt9type_infoEEPvEEE8allocateB8ne200100Ey CODE
 0001:0000eab0 00000017H .text$_ZNSt3__116allocator_traitsINS_9allocatorINS_11__hash_nodeINS_17__hash_value_typeIPN6System7Typinfo9TTypeInfoEPSt9type_infoEEPvEEEEE8max_sizeB8ne200100ISD_vTnNS_9enable_ifIXntsr14__has_max_sizeIKT_EE5valueEiE4typeELi0EEEyRKSD_ CODE
 0001:0000ead0 00000034H .text$_ZSt28__throw_bad_array_new_lengthB8ne200100v CODE
 0001:0000eb10 00000065H .text$_ZNSt3__117__libcpp_allocateB8ne200100INS_11__hash_nodeINS_17__hash_value_typeIPN6System7Typinfo9TTypeInfoEPSt9type_infoEEPvEEEEPT_NS_15__element_countEy CODE
 0001:0000eb80 0000000fH .text$_ZNSt3__114numeric_limitsIyE3maxB8ne200100Ev CODE
 0001:0000eb90 00000008H .text$_ZNSt3__123__libcpp_numeric_limitsIyLb1EE3maxB8ne200100Ev CODE
 0001:0000eba0 00000023H .text$_ZNSt3__121__libcpp_operator_newB8ne200100IJySt11align_val_tEEEPvDpT_ CODE
 0001:0000ebd0 00000019H .text$_ZNSt3__121__libcpp_operator_newB8ne200100IJyEEEPvDpT_ CODE
 0001:0000ebf0 0000003dH .text$_ZNSt3__125__compressed_pair_paddingINS_22__hash_node_destructorINS_9allocatorINS_11__hash_nodeINS_17__hash_value_typeIPN6System7Typinfo9TTypeInfoEPSt9type_infoEEPvEEEEEELb0EEC2Ev CODE
 0001:0000ec30 00000038H .text$_ZNSt3__112construct_atB8ne200100INS_11__hash_nodeINS_17__hash_value_typeIPN6System7Typinfo9TTypeInfoEPSt9type_infoEEPvEEJDnRyEPSB_EEPT_SF_DpOT0_ CODE
 0001:0000ec70 0000003aH .text$_ZNSt3__111__hash_nodeINS_17__hash_value_typeIPN6System7Typinfo9TTypeInfoEPSt9type_infoEEPvEC2B8ne200100EPNS_16__hash_node_baseIPSA_EEy CODE
 0001:0000ecb0 0000001eH .text$_ZNSt3__116__hash_node_baseIPNS_11__hash_nodeINS_17__hash_value_typeIPN6System7Typinfo9TTypeInfoEPSt9type_infoEEPvEEEC2B8ne200100EPSD_ CODE
 0001:0000ecd0 00000037H .text$_ZNSt3__114__construct_atB8ne200100INS_4pairIKPN6System7Typinfo9TTypeInfoEPSt9type_infoEEJRKNS_21piecewise_construct_tENS_5tupleIJRS6_EEENSD_IJEEEEPS9_EEPT_SJ_DpOT0_ CODE
 0001:0000ed10 0000004cH .text$_ZNSt3__112construct_atB8ne200100INS_4pairIKPN6System7Typinfo9TTypeInfoEPSt9type_infoEEJRKNS_21piecewise_construct_tENS_5tupleIJRS6_EEENSD_IJEEEEPS9_EEPT_SJ_DpOT0_ CODE
 0001:0000ed60 00000054H .text$_ZNSt3__14pairIKPN6System7Typinfo9TTypeInfoEPSt9type_infoEC2B8ne200100IJRS5_EJEEENS_21piecewise_construct_tENS_5tupleIJDpT_EEENSC_IJDpT0_EEE CODE
 0001:0000edc0 0000005aH .text$_ZNSt3__14pairIKPN6System7Typinfo9TTypeInfoEPSt9type_infoEC2B8ne200100IJRS5_EJEJLy0EETpTnyJEEENS_21piecewise_construct_tERNS_5tupleIJDpT_EEERNSC_IJDpT0_EEENS_15__tuple_indicesIJXspT1_EEEENSL_IJXspT2_EEEE CODE
 0001:0000ee20 00000019H .text$_ZNSt3__13getB8ne200100ILy0EJRKPN6System7Typinfo9TTypeInfoEEEERNS_13tuple_elementIXT_ENS_5tupleIJDpT0_EEEE4typeERSB_ CODE
 0001:0000ee40 0000000eH .text$_ZNSt3__112__tuple_leafILy0ERKPN6System7Typinfo9TTypeInfoELb0EE3getB8ne200100Ev CODE
 0001:0000ee50 0000022dH .text$_ZNSt3__112__hash_tableINS_17__hash_value_typeIPN6System7Typinfo9TTypeInfoEPSt9type_infoEENS_22__unordered_map_hasherIS5_S8_NS_4hashIS5_EENS_8equal_toIS5_EELb1EEENS_21__unordered_map_equalIS5_S8_SD_SB_Lb1EEENS_9allocatorIS8_EEE8__rehashILb1EEEvy CODE
 0001:0000f080 00000288H .text$_ZNSt3__112__hash_tableINS_17__hash_value_typeIPN6System7Typinfo9TTypeInfoEPSt9type_infoEENS_22__unordered_map_hasherIS5_S8_NS_4hashIS5_EENS_8equal_toIS5_EELb1EEENS_21__unordered_map_equalIS5_S8_SD_SB_Lb1EEENS_9allocatorIS8_EEE11__do_rehashILb1EEEvy CODE
 0001:0000f310 0000004fH .text$_ZNSt3__116__next_hash_pow2B8ne200100Ey CODE
 0001:0000f360 0000000fH .text$_ZNSt3__110unique_ptrIA_PNS_16__hash_node_baseIPNS_11__hash_nodeINS_17__hash_value_typeIPN6System7Typinfo9TTypeInfoEPSt9type_infoEEPvEEEENS_25__bucket_list_deallocatorINS_9allocatorISF_EEEEE11get_deleterB8ne200100Ev CODE
 0001:0000f370 00000049H .text$_ZNSt3__110unique_ptrIA_PNS_16__hash_node_baseIPNS_11__hash_nodeINS_17__hash_value_typeIPN6System7Typinfo9TTypeInfoEPSt9type_infoEEPvEEEENS_25__bucket_list_deallocatorINS_9allocatorISF_EEEEE5resetB8ne200100IPSF_TnNS_9enable_ifIXsr28_CheckArrayPointerConversionIT_EE5valueEiE4typeELi0EEEvSP_ CODE
 0001:0000f3c0 00000023H .text$_ZNSt3__116allocator_traitsINS_9allocatorIPNS_16__hash_node_baseIPNS_11__hash_nodeINS_17__hash_value_typeIPN6System7Typinfo9TTypeInfoEPSt9type_infoEEPvEEEEEEE8allocateB8ne200100ERSH_y CODE
 0001:0000f3f0 00000049H .text$_ZNSt3__19allocatorIPNS_16__hash_node_baseIPNS_11__hash_nodeINS_17__hash_value_typeIPN6System7Typinfo9TTypeInfoEPSt9type_infoEEPvEEEEE8allocateB8ne200100Ey CODE
 0001:0000f440 00000017H .text$_ZNSt3__116allocator_traitsINS_9allocatorIPNS_16__hash_node_baseIPNS_11__hash_nodeINS_17__hash_value_typeIPN6System7Typinfo9TTypeInfoEPSt9type_infoEEPvEEEEEEE8max_sizeB8ne200100ISH_vTnNS_9enable_ifIXntsr14__has_max_sizeIKT_EE5valueEiE4typeELi0EEEyRKSH_ CODE
 0001:0000f460 00000065H .text$_ZNSt3__117__libcpp_allocateB8ne200100IPNS_16__hash_node_baseIPNS_11__hash_nodeINS_17__hash_value_typeIPN6System7Typinfo9TTypeInfoEPSt9type_infoEEPvEEEEEEPT_NS_15__element_countEy CODE
 0001:0000f4d0 00000013H .text$_ZNSt3__112__libcpp_clzB8ne200100Ey CODE
 0001:0000f4f0 0000004dH .text$_ZNSt3__13maxB8ne200100IyNS_6__lessIvvEEEERKT_S5_S5_T0_ CODE
 0001:0000f540 0000002bH .text$_ZNKSt3__16__lessIvvEclB8ne200100IyyEEbRKT_RKT0_ CODE
 0001:0000f570 00000049H .text$_ZNSt3__110unique_ptrINS_11__hash_nodeINS_17__hash_value_typeIPN6System7Typinfo9TTypeInfoEPSt9type_infoEEPvEENS_22__hash_node_destructorINS_9allocatorISB_EEEEE5resetB8ne200100EPSB_ CODE
 0001:0000f5c0 0000008eH .text$_ZNSt3__122__hash_node_destructorINS_9allocatorINS_11__hash_nodeINS_17__hash_value_typeIPN6System7Typinfo9TTypeInfoEPSt9type_infoEEPvEEEEEclB8ne200100EPSC_ CODE
 0001:0000f650 00000040H .text$_ZNSt3__15tupleIJRKPN6System7Typinfo9TTypeInfoEEEC2B8ne200100INS_4_AndETnNS_9enable_ifIXsrT_IJNS_17integral_constantIbLb1EEENS_21is_copy_constructibleIS6_EEEE5valueEiE4typeELi0EEES6_ CODE
 0001:0000f690 00000039H .text$_ZNSt3__112__tuple_implINS_15__tuple_indicesIJLy0EEEEJRKPN6System7Typinfo9TTypeInfoEEEC2B8ne200100IJLy0EEJS8_ETpTnyJEJEJS8_EEENS1_IJXspT_EEEENS_13__tuple_typesIJDpT0_EEENS1_IJXspT1_EEEENSC_IJDpT2_EEEDpOT3_ CODE
 0001:0000f6d0 0000001eH .text$_ZNSt3__112__tuple_leafILy0ERKPN6System7Typinfo9TTypeInfoELb0EEC2B8ne200100IS6_TnNS_9enable_ifIXsr4_AndINS_17integral_constantIbXntu9__is_sameu14__remove_cvrefIT_ES7_EEEENS_16is_constructibleIS6_JSB_EEEEE5valueEiE4typeELi0EEEOSB_ CODE
 0001:0000f6f0 0000000bH .text$_ZNSt3__114pointer_traitsIPNS_17__hash_value_typeIPN6System7Typinfo9TTypeInfoEPSt9type_infoEEE10pointer_toB8ne200100ERS8_ CODE
 0001:0000f700 0000002cH .text$_ZN6System11AnsiStringTILt65001EE4swapERS1_ CODE
 0001:0000f730 00002c26H .text                   CODE
 0001:00012360 0000004aH .text$_ZN6System8_CharLenIwEEiPKT_ CODE
 0001:000123b0 0000004aH .text$_ZN6System8_CharLenIDsEEiPKT_ CODE
 0001:00012400 00000023H .text$_ZN6System14AnsiStringBaseC2ILt0EEEONS_11AnsiStringTIXT_EEE CODE
 0001:00012430 00000046H .text$_ZNK6System14AnsiStringBase8CodePageEv CODE
 0001:00012480 0000003aH .text$_ZNK6System14AnsiStringBaseixEi CODE
 0001:000124c0 000047bbH .text                   CODE
 0001:00016c80 0000001dH .text$_ZTWL16exception_object CODE
 0001:00016ca0 000003d0H .text                   CODE
 0002:00000000 00000008H .rdata$__mingw_fe_dfl_env DATA
 0002:00000008 00000008H .rdata$__mingw_fe_pc64_env DATA
 0002:00000010 00000008H .rdata$__mingw_fe_pc53_env DATA
 0002:00000018 00000008H .rdata$.refptr._MINGW_INSTALL_DEBUG_MATHERR DATA
 0002:00000020 00000008H .rdata$.refptr.__ImageBase DATA
 0002:00000028 00000008H .rdata$.refptr.__dyn_tls_init_callback DATA
 0002:00000030 00000008H .rdata$.refptr.__globallocalestatus DATA
 0002:00000038 00000008H .rdata$.refptr.__mingw_app_type DATA
 0002:00000040 00000008H .rdata$.refptr.__mingw_initltsdrot_force DATA
 0002:00000048 00000008H .rdata$.refptr.__mingw_initltsdyn_force DATA
 0002:00000050 00000008H .rdata$.refptr.__mingw_initltssuo_force DATA
 0002:00000058 00000008H .rdata$.refptr.__mingw_oldexcpt_handler DATA
 0002:00000060 00000008H .rdata$.refptr.__native_startup_lock DATA
 0002:00000068 00000008H .rdata$.refptr.__native_startup_state DATA
 0002:00000070 00000008H .rdata$.refptr.__xc_a   DATA
 0002:00000078 00000008H .rdata$.refptr.__xc_z   DATA
 0002:00000080 00000008H .rdata$.refptr.__xi_a   DATA
 0002:00000088 00000008H .rdata$.refptr.__xi_z   DATA
 0002:00000090 00000008H .rdata$.refptr._commode DATA
 0002:00000098 00000008H .rdata$.refptr._dowildcard DATA
 0002:000000a0 00000008H .rdata$.refptr._fmode   DATA
 0002:000000a8 00000008H .rdata$.refptr._hInstance DATA
 0002:000000b0 00000008H .rdata$.refptr._newmode DATA
 0002:000000b8 000059f1H .rdata                  DATA
 0002:00005ab0 00000008H .rdata$.refptr.LoginForm DATA
 0002:00005ab8 00000008H .rdata$.refptr._ZTRN6System8Sysutils9ExceptionE DATA
 0002:00005ac0 00000008H .rdata$.refptr._ZTV10TLoginForm DATA
 0002:00005ac8 00000008H .rdata$.refptr._ZTVN6System8Sysutils9ExceptionE DATA
 0002:00005ad0 0000064cH .rdata                  DATA
 0002:00006120 00000036H .rdata$_ZTR10TLoginForm DATA
 0002:00006158 00000008H .rdata$.refptr.__imp___winitenv DATA
 0002:00006160 00000048H .rdata                  DATA
 0002:000061a8 00000008H .rdata$.refptr._CRT_MT  DATA
 0002:000061b0 00000008H .rdata$.refptr.__CTOR_LIST__ DATA
 0002:000061b8 0000026dH .rdata                  DATA
 0002:00006428 00000008H .rdata$.refptr.__RUNTIME_PSEUDO_RELOC_LIST_END__ DATA
 0002:00006430 00000008H .rdata$.refptr.__RUNTIME_PSEUDO_RELOC_LIST__ DATA
 0002:00006438 00000008H .rdata$.refptr._mngr    DATA
 0002:00006440 00000008H .rdata$.refptr._mngr_set DATA
 0002:00006448 00000002H .rdata                  DATA
 0002:00006450 00000008H .rdata$.refptr._ZN6System10_init_instE DATA
 0002:00006458 00000008H .rdata$.refptr._ZTRN6System8Sysutils11ERangeErrorE DATA
 0002:00006460 00000008H .rdata$.refptr._ZTVN6System8Sysutils11ERangeErrorE DATA
 0002:00006468 000001baH .rdata                  DATA
 0002:00006622 00000001H .rdata$_ZNSt3__119piecewise_constructE DATA
 0002:00006628 00000018H .rdata$_ZTISt20bad_array_new_length DATA
 0002:00006640 00000019H .rdata$_ZTSSt20bad_array_new_length DATA
 0002:00006660 00000018H .rdata$_ZTISt9bad_alloc DATA
 0002:00006678 0000000dH .rdata$_ZTSSt9bad_alloc DATA
 0002:00006688 00000010H .rdata$_ZTISt9exception DATA
 0002:00006698 0000000dH .rdata$_ZTSSt9exception DATA
 0002:000066a8 000055b0H .rdata                  DATA
 0002:0000bc58 00000008H .rdata$.refptr.__EMBT_INIT_LIST_BEGIN__ DATA
 0002:0000bc60 00000008H .rdata$.refptr.__EMBT_INIT_LIST_END__ DATA
 0002:0000bc68 00000008H .rdata$.refptr.__isDLL  DATA
 0002:0000bc70 00000008H .rdata$.refptr.__isGUI  DATA
 0002:0000bc78 00000008H .rdata$.refptr.__isVCLPackage DATA
 0002:0000bc80 000003c8H .rdata                  DATA
 0002:0000c0d8 00000010H .00cfg                  DATA
 0002:0000c0e8 00000008H .CRT$XCA                DATA
 0002:0000c0f0 00000008H .CRT$XCAA               DATA
 0002:0000c0f8 00000008H .CRT$XCZ                DATA
 0002:0000c100 00000008H .CRT$XDA                DATA
 0002:0000c108 00000008H .CRT$XDZ                DATA
 0002:0000c110 00000008H .CRT$XIA                DATA
 0002:0000c118 00000008H .CRT$XIA0               DATA
 0002:0000c120 00000008H .CRT$XIAA               DATA
 0002:0000c128 00000008H .CRT$XIZ                DATA
 0002:0000c130 00000008H .CRT$XLA                DATA
 0002:0000c138 00000008H .CRT$XLC                DATA
 0002:0000c140 00000008H .CRT$XLD                DATA
 0002:0000c148 00000008H .CRT$XLZ                DATA
 0002:0000c158 00000008H .ctors.65435            DATA
 0002:0000c170 00000008H .dtors.65435            DATA
 0002:0001719c 00000258H .xdata                  DATA
 0002:000173f4 00000008H .xdata$_ZN6System7Classes15TComponentClassC1EPNS_10TMetaClassE DATA
 0002:000173fc 00000008H .xdata$__clang_call_terminate DATA
 0002:00017404 00000008H .xdata$_ZN6System7Classes15TComponentClassC2EPNS_10TMetaClassE DATA
 0002:0001740c 00000008H .xdata$_ZN6System15DelphiMetaClassINS_7Classes15TComponentClassEEC2EPNS_10TMetaClassE DATA
 0002:00017414 00000160H .xdata                  DATA
 0002:00017574 00000008H .xdata$_ZN3Vcl5Forms5TFormC3EPN6System7Classes10TComponentE DATA
 0002:0001757c 00000008H .xdata$_ZN8KorisnikD1Ev DATA
 0002:00017584 00000008H .xdata$_ZN10TLoginFormD0Ev DATA
 0002:0001758c 00000008H .xdata$_ZN3Vcl5Forms5TFormC3EPN6System7Classes10TComponentEi DATA
 0002:00017594 00000008H .xdata$_ZN3Vcl5Forms5TFormC3EPN6System7Classes10TComponentEii DATA
 0002:0001759c 00000008H .xdata$_ZN8KorisnikD2Ev DATA
 0002:000175a4 00000008H .xdata$_ZN3Vcl5Forms5TFormD0Ev DATA
 0002:000175ac 00000bf0H .xdata                  DATA
 0002:0001819c 00000020H .xdata$_ZN6System8Sysutils11ERangeErrorC3ENS_13UnicodeStringE DATA
 0002:000181bc 00000020H .xdata$_ZN6System11AnsiStringTILt0EED2Ev DATA
 0002:000181dc 00000020H .xdata$_ZN6System13UnicodeStringaSEOS0_ DATA
 0002:000181fc 00000024H .xdata$_ZN6System15DelphiInterfaceINS_14IEnumerator__1INS_13UnicodeStringEEEED2Ev DATA
 0002:00018220 00000024H .xdata$_ZN6System15DelphiInterfaceINS_14IEnumerable__1INS_13UnicodeStringEEEED2Ev DATA
 0002:00018244 00000020H .xdata$_ZN6System8Sysutils9EIntErrorC3ENS_13UnicodeStringE DATA
 0002:00018264 00000020H .xdata$_ZN6System8Sysutils9EExternalC3ENS_13UnicodeStringE DATA
 0002:00018284 00000020H .xdata$_ZN6System8Sysutils11ERangeErrorC3ENS_13UnicodeStringE DATA
 0002:000182a4 00000008H .xdata$_ZN6System8Sysutils11ERangeErrorD0Ev DATA
 0002:000182ac 00000008H .xdata$_ZN6System11WideCharLenIwEEiPKT_ DATA
 0002:000182b4 00000008H .xdata$_ZN6System11WideCharLenIDsEEiPKT_ DATA
 0002:000182bc 00000008H .xdata$_ZN6System11AnsiStringTILt0EEC2EPKci DATA
 0002:000182c4 00000020H .xdata$_ZN6System11AnsiStringTILt0EED2Ev DATA
 0002:000182e4 00000020H .xdata$_ZN6System13UnicodeStringaSEOS0_ DATA
 0002:00018304 00000008H .xdata$_ZN6System11AnsiStringTILt0EEC2Ev DATA
 0002:0001830c 00000008H .xdata$_ZN6System13UnicodeStringC2ILt0EEERKNS_11AnsiStringTIXT_EEE DATA
 0002:00018314 00000008H .xdata$_ZN6System15DelphiInterfaceINS_14IEnumerator__1INS_13UnicodeStringEEEEC2ERKS4_ DATA
 0002:0001831c 00000024H .xdata$_ZN6System15DelphiInterfaceINS_14IEnumerator__1INS_13UnicodeStringEEEED2Ev DATA
 0002:00018340 00000008H .xdata$_ZN6System15DelphiInterfaceINS_14IEnumerable__1INS_13UnicodeStringEEEEC2ERKS4_ DATA
 0002:00018348 00000024H .xdata$_ZN6System15DelphiInterfaceINS_14IEnumerable__1INS_13UnicodeStringEEEED2Ev DATA
 0002:0001836c 00000020H .xdata$_ZN6System8Sysutils9EIntErrorC3ENS_13UnicodeStringE DATA
 0002:0001838c 00000020H .xdata$_ZN6System8Sysutils9EExternalC3ENS_13UnicodeStringE DATA
 0002:000183ac 00000008H .xdata$_ZN6System8Sysutils9EIntErrorD0Ev DATA
 0002:000183b4 00000008H .xdata$_ZN6System8Sysutils9EExternalD0Ev DATA
 0002:000183bc 00000008H .xdata$_ZN6System11AnsiStringTILt0EEC2ERKS1_ DATA
 0002:000183c4 00000008H .xdata$_ZN6System14AnsiStringBaseC2Ev DATA
 0002:000183cc 00000008H .xdata$_ZN6System15DelphiInterfaceINS_14IEnumerator__1INS_13UnicodeStringEEEEC2Ev DATA
 0002:000183d4 00000008H .xdata$_ZN6System15DelphiInterfaceINS_14IEnumerable__1INS_13UnicodeStringEEEEC2Ev DATA
 0002:000183dc 000001d4H .xdata                  DATA
 0002:000185b0 00000020H .xdata$_ZN6System15DelphiInterfaceINS_10IInterfaceEED2Ev DATA
 0002:000185d0 00000018H .xdata$_ZNK6System11AnsiStringTILt65001EEplERKS1_ DATA
 0002:000185e8 00000020H .xdata$_ZN6System11AnsiStringTILt65001EEaSEOS1_ DATA
 0002:00018608 00000020H .xdata$_ZNSt3__112__hash_tableINS_17__hash_value_typeIPN6System7Typinfo9TTypeInfoEPSt9type_infoEENS_22__unordered_map_hasherIS5_S8_NS_4hashIS5_EENS_8equal_toIS5_EELb1EEENS_21__unordered_map_equalIS5_S8_SD_SB_Lb1EEENS_9allocatorIS8_EEE17__deallocate_nodeEPNS_16__hash_node_baseIPNS_11__hash_nodeIS8_PvEEEE DATA
 0002:00018628 00000024H .xdata$_ZNSt3__112__hash_tableINS_17__hash_value_typeIPN6System7Typinfo9TTypeInfoEPSt9type_infoEENS_22__unordered_map_hasherIS5_S8_NS_4hashIS5_EENS_8equal_toIS5_EELb1EEENS_21__unordered_map_equalIS5_S8_SD_SB_Lb1EEENS_9allocatorIS8_EEE25__emplace_unique_key_argsIS5_JRKNS_21piecewise_construct_tENS_5tupleIJRKS5_EEENSO_IJEEEEEENS_4pairINS_15__hash_iteratorIPNS_11__hash_nodeIS8_PvEEEEbEERKT_DpOT0_ DATA
 0002:0001864c 00000020H .xdata$_ZNSt3__112__hash_tableINS_17__hash_value_typeIPN6System7Typinfo9TTypeInfoEPSt9type_infoEENS_22__unordered_map_hasherIS5_S8_NS_4hashIS5_EENS_8equal_toIS5_EELb1EEENS_21__unordered_map_equalIS5_S8_SD_SB_Lb1EEENS_9allocatorIS8_EEE21__construct_node_hashIRKNS_21piecewise_construct_tEJNS_5tupleIJRKS5_EEENSO_IJEEEEEENS_10unique_ptrINS_11__hash_nodeIS8_PvEENS_22__hash_node_destructorINSH_ISW_EEEEEEyOT_DpOT0_ DATA
 0002:0001866c 00000020H .xdata$_ZNKSt3__14hashIPN6System7Typinfo9TTypeInfoEEclB8ne200100ES4_ DATA
 0002:0001868c 00000020H .xdata$_ZNSt3__14pairIKPN6System7Typinfo9TTypeInfoEPSt9type_infoEC2B8ne200100IJRS5_EJEEENS_21piecewise_construct_tENS_5tupleIJDpT_EEENSC_IJDpT0_EEE DATA
 0002:000186ac 00000020H .xdata$_ZNSt3__122__hash_node_destructorINS_9allocatorINS_11__hash_nodeINS_17__hash_value_typeIPN6System7Typinfo9TTypeInfoEPSt9type_infoEEPvEEEEEclB8ne200100EPSC_ DATA
 0002:000186cc 00000008H .xdata$_ZN6System15DelphiInterfaceINS_10IInterfaceEEadEv DATA
 0002:000186d4 00000020H .xdata$_ZN6System15DelphiInterfaceINS_10IInterfaceEED2Ev DATA
 0002:000186f4 00000008H .xdata$_ZNSt3__110lock_guardINS_5mutexEEC2B8ne200100ERS1_ DATA
 0002:000186fc 00000008H .xdata$_ZNSt3__113unordered_mapIPN6System7Typinfo9TTypeInfoEPSt9type_infoNS_4hashIS4_EENS_8equal_toIS4_EENS_9allocatorINS_4pairIKS4_S6_EEEEEC2B8ne200100Ev DATA
 0002:00018704 00000008H .xdata$_ZNSt3__113unordered_mapIPN6System7Typinfo9TTypeInfoEPSt9type_infoNS_4hashIS4_EENS_8equal_toIS4_EENS_9allocatorINS_4pairIKS4_S6_EEEEED2B8ne200100Ev DATA
 0002:0001870c 00000008H .xdata$_ZNSt3__113unordered_mapIPN6System7Typinfo9TTypeInfoEPSt9type_infoNS_4hashIS4_EENS_8equal_toIS4_EENS_9allocatorINS_4pairIKS4_S6_EEEEEixERSD_ DATA
 0002:00018714 00000008H .xdata$_ZN6System11AnsiStringTILt65001EEC2ERKNS_13UnicodeStringE DATA
 0002:0001871c 00000018H .xdata$_ZNK6System11AnsiStringTILt65001EEplERKS1_ DATA
 0002:00018734 00000008H .xdata$_ZN6System11AnsiStringTILt65001EEC2EPKc DATA
 0002:0001873c 00000008H .xdata$_ZN6System11AnsiStringTILt65001EEC2Ev DATA
 0002:00018744 00000020H .xdata$_ZN6System11AnsiStringTILt65001EEaSEOS1_ DATA
 0002:00018764 00000008H .xdata$_ZN6System11AnsiStringTILt65001EED2Ev DATA
 0002:0001876c 00000008H .xdata$_ZN10__cxxabiv117__class_type_infoC2Ev DATA
 0002:00018774 00000008H .xdata$_ZNK6System11AnsiStringTILt65001EE5c_strEv DATA
 0002:0001877c 00000008H .xdata$_ZNSt3__110lock_guardINS_5mutexEED2B8ne200100Ev DATA
 0002:00018784 00000008H .xdata$_ZN10__cxxabiv116__shim_type_infoC2Ev DATA
 0002:0001878c 00000008H .xdata$_ZNSt3__112__hash_tableINS_17__hash_value_typeIPN6System7Typinfo9TTypeInfoEPSt9type_infoEENS_22__unordered_map_hasherIS5_S8_NS_4hashIS5_EENS_8equal_toIS5_EELb1EEENS_21__unordered_map_equalIS5_S8_SD_SB_Lb1EEENS_9allocatorIS8_EEEC2Ev DATA
 0002:00018794 00000008H .xdata$_ZNSt3__110unique_ptrIA_PNS_16__hash_node_baseIPNS_11__hash_nodeINS_17__hash_value_typeIPN6System7Typinfo9TTypeInfoEPSt9type_infoEEPvEEEENS_25__bucket_list_deallocatorINS_9allocatorISF_EEEEEC2B8ne200100ILb1EvEEv DATA
 0002:0001879c 00000008H .xdata$_ZNSt3__116__hash_node_baseIPNS_11__hash_nodeINS_17__hash_value_typeIPN6System7Typinfo9TTypeInfoEPSt9type_infoEEPvEEEC2B8ne200100Ev DATA
 0002:000187a4 00000008H .xdata$_ZNSt3__19allocatorINS_11__hash_nodeINS_17__hash_value_typeIPN6System7Typinfo9TTypeInfoEPSt9type_infoEEPvEEEC2B8ne200100Ev DATA
 0002:000187ac 00000008H .xdata$_ZNSt3__122__unordered_map_hasherIPN6System7Typinfo9TTypeInfoENS_17__hash_value_typeIS4_PSt9type_infoEENS_4hashIS4_EENS_8equal_toIS4_EELb1EEC2B8ne200100Ev DATA
 0002:000187b4 00000008H .xdata$_ZNSt3__121__unordered_map_equalIPN6System7Typinfo9TTypeInfoENS_17__hash_value_typeIS4_PSt9type_infoEENS_8equal_toIS4_EENS_4hashIS4_EELb1EEC2B8ne200100Ev DATA
 0002:000187bc 00000008H .xdata$_ZNSt3__125__bucket_list_deallocatorINS_9allocatorIPNS_16__hash_node_baseIPNS_11__hash_nodeINS_17__hash_value_typeIPN6System7Typinfo9TTypeInfoEPSt9type_infoEEPvEEEEEEEC2B8ne200100Ev DATA
 0002:000187c4 00000008H .xdata$_ZNSt3__19allocatorIPNS_16__hash_node_baseIPNS_11__hash_nodeINS_17__hash_value_typeIPN6System7Typinfo9TTypeInfoEPSt9type_infoEEPvEEEEEC2B8ne200100Ev DATA
 0002:000187cc 00000008H .xdata$_ZNSt3__116__non_trivial_ifILb1ENS_9allocatorIPNS_16__hash_node_baseIPNS_11__hash_nodeINS_17__hash_value_typeIPN6System7Typinfo9TTypeInfoEPSt9type_infoEEPvEEEEEEEC2B8ne200100Ev DATA
 0002:000187d4 00000008H .xdata$_ZNSt3__116__non_trivial_ifILb1ENS_9allocatorINS_11__hash_nodeINS_17__hash_value_typeIPN6System7Typinfo9TTypeInfoEPSt9type_infoEEPvEEEEEC2B8ne200100Ev DATA
 0002:000187dc 00000008H .xdata$_ZNSt3__112__hash_tableINS_17__hash_value_typeIPN6System7Typinfo9TTypeInfoEPSt9type_infoEENS_22__unordered_map_hasherIS5_S8_NS_4hashIS5_EENS_8equal_toIS5_EELb1EEENS_21__unordered_map_equalIS5_S8_SD_SB_Lb1EEENS_9allocatorIS8_EEED2Ev DATA
 0002:000187e4 00000020H .xdata$_ZNSt3__112__hash_tableINS_17__hash_value_typeIPN6System7Typinfo9TTypeInfoEPSt9type_infoEENS_22__unordered_map_hasherIS5_S8_NS_4hashIS5_EENS_8equal_toIS5_EELb1EEENS_21__unordered_map_equalIS5_S8_SD_SB_Lb1EEENS_9allocatorIS8_EEE17__deallocate_nodeEPNS_16__hash_node_baseIPNS_11__hash_nodeIS8_PvEEEE DATA
 0002:00018804 00000008H .xdata$_ZNSt3__110unique_ptrIA_PNS_16__hash_node_baseIPNS_11__hash_nodeINS_17__hash_value_typeIPN6System7Typinfo9TTypeInfoEPSt9type_infoEEPvEEEENS_25__bucket_list_deallocatorINS_9allocatorISF_EEEEED2B8ne200100Ev DATA
 0002:0001880c 00000008H .xdata$_ZNSt3__112__hash_tableINS_17__hash_value_typeIPN6System7Typinfo9TTypeInfoEPSt9type_infoEENS_22__unordered_map_hasherIS5_S8_NS_4hashIS5_EENS_8equal_toIS5_EELb1EEENS_21__unordered_map_equalIS5_S8_SD_SB_Lb1EEENS_9allocatorIS8_EEE12__node_allocB8ne200100Ev DATA
 0002:00018814 00000008H .xdata$_ZNSt3__116__hash_node_baseIPNS_11__hash_nodeINS_17__hash_value_typeIPN6System7Typinfo9TTypeInfoEPSt9type_infoEEPvEEE8__upcastB8ne200100Ev DATA
 0002:0001881c 00000008H .xdata$_ZNSt3__116allocator_traitsINS_9allocatorINS_11__hash_nodeINS_17__hash_value_typeIPN6System7Typinfo9TTypeInfoEPSt9type_infoEEPvEEEEE7destroyB8ne200100INS_4pairIKS7_S9_EEvTnNS_9enable_ifIXntsr13__has_destroyISD_PT_EE5valueEiE4typeELi0EEEvRSD_SL_ DATA
 0002:00018824 00000008H .xdata$_ZNSt3__122__hash_key_value_typesINS_17__hash_value_typeIPN6System7Typinfo9TTypeInfoEPSt9type_infoEEE9__get_ptrB8ne200100ERS8_ DATA
 0002:0001882c 00000008H .xdata$_ZNSt3__111__hash_nodeINS_17__hash_value_typeIPN6System7Typinfo9TTypeInfoEPSt9type_infoEEPvE11__get_valueB8ne200100Ev DATA
 0002:00018834 00000008H .xdata$_ZNSt3__112__destroy_atB8ne200100INS_11__hash_nodeINS_17__hash_value_typeIPN6System7Typinfo9TTypeInfoEPSt9type_infoEEPvEETnNS_9enable_ifIXntsr8is_arrayIT_EE5valueEiE4typeELi0EEEvPSD_ DATA
 0002:0001883c 00000008H .xdata$_ZNSt3__116allocator_traitsINS_9allocatorINS_11__hash_nodeINS_17__hash_value_typeIPN6System7Typinfo9TTypeInfoEPSt9type_infoEEPvEEEEE10deallocateB8ne200100ERSD_PSC_y DATA
 0002:00018844 00000008H .xdata$_ZNSt3__114pointer_traitsIPNS_16__hash_node_baseIPNS_11__hash_nodeINS_17__hash_value_typeIPN6System7Typinfo9TTypeInfoEPSt9type_infoEEPvEEEEE10pointer_toB8ne200100ERSE_ DATA
 0002:0001884c 00000008H .xdata$_ZNSt3__112__destroy_atB8ne200100INS_4pairIKPN6System7Typinfo9TTypeInfoEPSt9type_infoEETnNS_9enable_ifIXntsr8is_arrayIT_EE5valueEiE4typeELi0EEEvPSB_ DATA
 0002:00018854 00000008H .xdata$_ZNSt3__117__hash_value_typeIPN6System7Typinfo9TTypeInfoEPSt9type_infoE11__get_valueB8ne200100Ev DATA
 0002:0001885c 00000008H .xdata$_ZNSt3__17launderB8ne200100INS_4pairIKPN6System7Typinfo9TTypeInfoEPSt9type_infoEEEEPT_SB_ DATA
 0002:00018864 00000008H .xdata$_ZNSt3__19__launderB8ne200100INS_4pairIKPN6System7Typinfo9TTypeInfoEPSt9type_infoEEEEPT_SB_ DATA
 0002:0001886c 00000008H .xdata$_ZNSt3__111__hash_nodeINS_17__hash_value_typeIPN6System7Typinfo9TTypeInfoEPSt9type_infoEEPvED2B8ne200100Ev DATA
 0002:00018874 00000008H .xdata$_ZNSt3__19allocatorINS_11__hash_nodeINS_17__hash_value_typeIPN6System7Typinfo9TTypeInfoEPSt9type_infoEEPvEEE10deallocateB8ne200100EPSB_y DATA
 0002:0001887c 00000008H .xdata$_ZNSt3__119__libcpp_deallocateB8ne200100INS_11__hash_nodeINS_17__hash_value_typeIPN6System7Typinfo9TTypeInfoEPSt9type_infoEEPvEEEEvPNS_15__type_identityIT_E4typeENS_15__element_countEy DATA
 0002:00018884 00000008H .xdata$_ZNSt3__124__is_overaligned_for_newB8ne200100Ey DATA
 0002:0001888c 00000008H .xdata$_ZNSt3__124__libcpp_operator_deleteB8ne200100IJPNS_11__hash_nodeINS_17__hash_value_typeIPN6System7Typinfo9TTypeInfoEPSt9type_infoEEPvEESt11align_val_tEEEvDpT_ DATA
 0002:00018894 00000008H .xdata$_ZNSt3__124__libcpp_operator_deleteB8ne200100IJPNS_11__hash_nodeINS_17__hash_value_typeIPN6System7Typinfo9TTypeInfoEPSt9type_infoEEPvEEEEEvDpT_ DATA
 0002:0001889c 00000008H .xdata$_ZNSt3__110unique_ptrIA_PNS_16__hash_node_baseIPNS_11__hash_nodeINS_17__hash_value_typeIPN6System7Typinfo9TTypeInfoEPSt9type_infoEEPvEEEENS_25__bucket_list_deallocatorINS_9allocatorISF_EEEEE5resetB8ne200100EDn DATA
 0002:000188a4 00000008H .xdata$_ZNSt3__125__bucket_list_deallocatorINS_9allocatorIPNS_16__hash_node_baseIPNS_11__hash_nodeINS_17__hash_value_typeIPN6System7Typinfo9TTypeInfoEPSt9type_infoEEPvEEEEEEEclB8ne200100EPSG_ DATA
 0002:000188ac 00000008H .xdata$_ZNSt3__116allocator_traitsINS_9allocatorIPNS_16__hash_node_baseIPNS_11__hash_nodeINS_17__hash_value_typeIPN6System7Typinfo9TTypeInfoEPSt9type_infoEEPvEEEEEEE10deallocateB8ne200100ERSH_PSG_y DATA
 0002:000188b4 00000008H .xdata$_ZNSt3__125__bucket_list_deallocatorINS_9allocatorIPNS_16__hash_node_baseIPNS_11__hash_nodeINS_17__hash_value_typeIPN6System7Typinfo9TTypeInfoEPSt9type_infoEEPvEEEEEEE7__allocB8ne200100Ev DATA
 0002:000188bc 00000008H .xdata$_ZNSt3__125__bucket_list_deallocatorINS_9allocatorIPNS_16__hash_node_baseIPNS_11__hash_nodeINS_17__hash_value_typeIPN6System7Typinfo9TTypeInfoEPSt9type_infoEEPvEEEEEEE4sizeB8ne200100Ev DATA
 0002:000188c4 00000008H .xdata$_ZNSt3__19allocatorIPNS_16__hash_node_baseIPNS_11__hash_nodeINS_17__hash_value_typeIPN6System7Typinfo9TTypeInfoEPSt9type_infoEEPvEEEEE10deallocateB8ne200100EPSF_y DATA
 0002:000188cc 00000008H .xdata$_ZNSt3__119__libcpp_deallocateB8ne200100IPNS_16__hash_node_baseIPNS_11__hash_nodeINS_17__hash_value_typeIPN6System7Typinfo9TTypeInfoEPSt9type_infoEEPvEEEEEEvPNS_15__type_identityIT_E4typeENS_15__element_countEy DATA
 0002:000188d4 00000008H .xdata$_ZNSt3__124__libcpp_operator_deleteB8ne200100IJPPNS_16__hash_node_baseIPNS_11__hash_nodeINS_17__hash_value_typeIPN6System7Typinfo9TTypeInfoEPSt9type_infoEEPvEEEESt11align_val_tEEEvDpT_ DATA
 0002:000188dc 00000008H .xdata$_ZNSt3__124__libcpp_operator_deleteB8ne200100IJPPNS_16__hash_node_baseIPNS_11__hash_nodeINS_17__hash_value_typeIPN6System7Typinfo9TTypeInfoEPSt9type_infoEEPvEEEEEEEvDpT_ DATA
 0002:000188e4 00000024H .xdata$_ZNSt3__112__hash_tableINS_17__hash_value_typeIPN6System7Typinfo9TTypeInfoEPSt9type_infoEENS_22__unordered_map_hasherIS5_S8_NS_4hashIS5_EENS_8equal_toIS5_EELb1EEENS_21__unordered_map_equalIS5_S8_SD_SB_Lb1EEENS_9allocatorIS8_EEE25__emplace_unique_key_argsIS5_JRKNS_21piecewise_construct_tENS_5tupleIJRKS5_EEENSO_IJEEEEEENS_4pairINS_15__hash_iteratorIPNS_11__hash_nodeIS8_PvEEEEbEERKT_DpOT0_ DATA
 0002:00018908 00000008H .xdata$_ZNSt3__116forward_as_tupleB8ne200100IJRKPN6System7Typinfo9TTypeInfoEEEENS_5tupleIJDpOT_EEESA_ DATA
 0002:00018910 00000008H .xdata$_ZNSt3__116forward_as_tupleB8ne200100IJEEENS_5tupleIJDpOT_EEES4_ DATA
 0002:00018918 00000008H .xdata$_ZNKSt3__115__hash_iteratorIPNS_11__hash_nodeINS_17__hash_value_typeIPN6System7Typinfo9TTypeInfoEPSt9type_infoEEPvEEEptB8ne200100Ev DATA
 0002:00018920 00000008H .xdata$_ZNSt3__112__hash_tableINS_17__hash_value_typeIPN6System7Typinfo9TTypeInfoEPSt9type_infoEENS_22__unordered_map_hasherIS5_S8_NS_4hashIS5_EENS_8equal_toIS5_EELb1EEENS_21__unordered_map_equalIS5_S8_SD_SB_Lb1EEENS_9allocatorIS8_EEE13hash_functionB8ne200100Ev DATA
 0002:00018928 00000008H .xdata$_ZNKSt3__122__unordered_map_hasherIPN6System7Typinfo9TTypeInfoENS_17__hash_value_typeIS4_PSt9type_infoEENS_4hashIS4_EENS_8equal_toIS4_EELb1EEclB8ne200100ERKS4_ DATA
 0002:00018930 00000008H .xdata$_ZNKSt3__112__hash_tableINS_17__hash_value_typeIPN6System7Typinfo9TTypeInfoEPSt9type_infoEENS_22__unordered_map_hasherIS5_S8_NS_4hashIS5_EENS_8equal_toIS5_EELb1EEENS_21__unordered_map_equalIS5_S8_SD_SB_Lb1EEENS_9allocatorIS8_EEE12bucket_countB8ne200100Ev DATA
 0002:00018938 00000008H .xdata$_ZNSt3__116__constrain_hashB8ne200100Eyy DATA
 0002:00018940 00000008H .xdata$_ZNKSt3__110unique_ptrIA_PNS_16__hash_node_baseIPNS_11__hash_nodeINS_17__hash_value_typeIPN6System7Typinfo9TTypeInfoEPSt9type_infoEEPvEEEENS_25__bucket_list_deallocatorINS_9allocatorISF_EEEEEixB8ne200100Ey DATA
 0002:00018948 00000008H .xdata$_ZNKSt3__116__hash_node_baseIPNS_11__hash_nodeINS_17__hash_value_typeIPN6System7Typinfo9TTypeInfoEPSt9type_infoEEPvEEE6__hashB8ne200100Ev DATA
 0002:00018950 00000008H .xdata$_ZNSt3__112__hash_tableINS_17__hash_value_typeIPN6System7Typinfo9TTypeInfoEPSt9type_infoEENS_22__unordered_map_hasherIS5_S8_NS_4hashIS5_EENS_8equal_toIS5_EELb1EEENS_21__unordered_map_equalIS5_S8_SD_SB_Lb1EEENS_9allocatorIS8_EEE6key_eqB8ne200100Ev DATA
 0002:00018958 00000008H .xdata$_ZNKSt3__121__unordered_map_equalIPN6System7Typinfo9TTypeInfoENS_17__hash_value_typeIS4_PSt9type_infoEENS_8equal_toIS4_EENS_4hashIS4_EELb1EEclB8ne200100ERKS8_RKS4_ DATA
 0002:00018960 00000020H .xdata$_ZNSt3__112__hash_tableINS_17__hash_value_typeIPN6System7Typinfo9TTypeInfoEPSt9type_infoEENS_22__unordered_map_hasherIS5_S8_NS_4hashIS5_EENS_8equal_toIS5_EELb1EEENS_21__unordered_map_equalIS5_S8_SD_SB_Lb1EEENS_9allocatorIS8_EEE21__construct_node_hashIRKNS_21piecewise_construct_tEJNS_5tupleIJRKS5_EEENSO_IJEEEEEENS_10unique_ptrINS_11__hash_nodeIS8_PvEENS_22__hash_node_destructorINSH_ISW_EEEEEEyOT_DpOT0_ DATA
 0002:00018980 00000008H .xdata$_ZNSt3__112__hash_tableINS_17__hash_value_typeIPN6System7Typinfo9TTypeInfoEPSt9type_infoEENS_22__unordered_map_hasherIS5_S8_NS_4hashIS5_EENS_8equal_toIS5_EELb1EEENS_21__unordered_map_equalIS5_S8_SD_SB_Lb1EEENS_9allocatorIS8_EEE4sizeB8ne200100Ev DATA
 0002:00018988 00000008H .xdata$_ZNSt3__112__hash_tableINS_17__hash_value_typeIPN6System7Typinfo9TTypeInfoEPSt9type_infoEENS_22__unordered_map_hasherIS5_S8_NS_4hashIS5_EENS_8equal_toIS5_EELb1EEENS_21__unordered_map_equalIS5_S8_SD_SB_Lb1EEENS_9allocatorIS8_EEE15max_load_factorB8ne200100Ev DATA
 0002:00018990 00000008H .xdata$_ZNSt3__112__hash_tableINS_17__hash_value_typeIPN6System7Typinfo9TTypeInfoEPSt9type_infoEENS_22__unordered_map_hasherIS5_S8_NS_4hashIS5_EENS_8equal_toIS5_EELb1EEENS_21__unordered_map_equalIS5_S8_SD_SB_Lb1EEENS_9allocatorIS8_EEE15__rehash_uniqueB8ne200100Ey DATA
 0002:00018998 00000008H .xdata$_ZNSt3__13maxB8ne200100IyEERKT_S3_S3_ DATA
 0002:000189a0 00000008H .xdata$_ZNSt3__116__is_hash_power2B8ne200100Ey DATA
 0002:000189a8 00000008H .xdata$_ZNSt3__16__math4ceilB8ne200100Ef DATA
 0002:000189b0 00000008H .xdata$_ZNSt3__116__hash_node_baseIPNS_11__hash_nodeINS_17__hash_value_typeIPN6System7Typinfo9TTypeInfoEPSt9type_infoEEPvEEE5__ptrB8ne200100Ev DATA
 0002:000189b8 00000008H .xdata$_ZNKSt3__110unique_ptrINS_11__hash_nodeINS_17__hash_value_typeIPN6System7Typinfo9TTypeInfoEPSt9type_infoEEPvEENS_22__hash_node_destructorINS_9allocatorISB_EEEEEptB8ne200100Ev DATA
 0002:000189c0 00000008H .xdata$_ZNKSt3__110unique_ptrINS_11__hash_nodeINS_17__hash_value_typeIPN6System7Typinfo9TTypeInfoEPSt9type_infoEEPvEENS_22__hash_node_destructorINS_9allocatorISB_EEEEE3getB8ne200100Ev DATA
 0002:000189c8 00000008H .xdata$_ZNSt3__110unique_ptrINS_11__hash_nodeINS_17__hash_value_typeIPN6System7Typinfo9TTypeInfoEPSt9type_infoEEPvEENS_22__hash_node_destructorINS_9allocatorISB_EEEEE7releaseB8ne200100Ev DATA
 0002:000189d0 00000008H .xdata$_ZNSt3__110unique_ptrINS_11__hash_nodeINS_17__hash_value_typeIPN6System7Typinfo9TTypeInfoEPSt9type_infoEEPvEENS_22__hash_node_destructorINS_9allocatorISB_EEEEED2B8ne200100Ev DATA
 0002:000189d8 00000008H .xdata$_ZNSt3__115__hash_iteratorIPNS_11__hash_nodeINS_17__hash_value_typeIPN6System7Typinfo9TTypeInfoEPSt9type_infoEEPvEEEC2B8ne200100EPNS_16__hash_node_baseISC_EE DATA
 0002:000189e0 00000008H .xdata$_ZNSt3__14pairINS_15__hash_iteratorIPNS_11__hash_nodeINS_17__hash_value_typeIPN6System7Typinfo9TTypeInfoEPSt9type_infoEEPvEEEEbEC2B8ne200100ISE_RbTnNS_9enable_ifIXclsr10_CheckArgsE23__is_pair_constructibleIT_T0_EEEiE4typeELi0EEEOSJ_OSK_ DATA
 0002:000189e8 00000020H .xdata$_ZNKSt3__14hashIPN6System7Typinfo9TTypeInfoEEclB8ne200100ES4_ DATA
 0002:00018a08 00000008H .xdata$_ZNKSt3__121__murmur2_or_cityhashIyLy64EEclB8ne200100EPKvy DATA
 0002:00018a10 00000008H .xdata$_ZNSt3__121__murmur2_or_cityhashIyLy64EE18__hash_len_0_to_16B8ne200100EPKcy DATA
 0002:00018a18 00000008H .xdata$_ZNSt3__121__murmur2_or_cityhashIyLy64EE19__hash_len_17_to_32B8ne200100EPKcy DATA
 0002:00018a20 00000008H .xdata$_ZNSt3__121__murmur2_or_cityhashIyLy64EE19__hash_len_33_to_64B8ne200100EPKcy DATA
 0002:00018a28 00000008H .xdata$_ZNSt3__110__loadwordB8ne200100IyEET_PKv DATA
 0002:00018a30 00000008H .xdata$_ZNSt3__121__murmur2_or_cityhashIyLy64EE13__hash_len_16B8ne200100Eyy DATA
 0002:00018a38 00000008H .xdata$_ZNSt3__121__murmur2_or_cityhashIyLy64EE29__weak_hash_len_32_with_seedsB8ne200100EPKcyy DATA
 0002:00018a40 00000008H .xdata$_ZNSt3__121__murmur2_or_cityhashIyLy64EE8__rotateB8ne200100Eyi DATA
 0002:00018a48 00000008H .xdata$_ZNSt3__14pairIyyEaSB8ne200100EOS1_ DATA
 0002:00018a50 00000008H .xdata$_ZNSt3__14swapB8ne200100IyEENS_9enable_ifIXaasr21is_move_constructibleIT_EE5valuesr18is_move_assignableIS2_EE5valueEvE4typeERS2_S5_ DATA
 0002:00018a58 00000008H .xdata$_ZNSt3__121__murmur2_or_cityhashIyLy64EE11__shift_mixB8ne200100Ey DATA
 0002:00018a60 00000008H .xdata$_ZNSt3__121__murmur2_or_cityhashIyLy64EE22__rotate_by_at_least_1B8ne200100Eyi DATA
 0002:00018a68 00000008H .xdata$_ZNSt3__110__loadwordB8ne200100IjEET_PKv DATA
 0002:00018a70 00000008H .xdata$_ZNSt3__121__murmur2_or_cityhashIyLy64EE29__weak_hash_len_32_with_seedsB8ne200100Eyyyyyy DATA
 0002:00018a78 00000008H .xdata$_ZNSt3__14pairIyyEC2B8ne200100IyyTnNS_9enable_ifIXclsr10_CheckArgsE23__is_pair_constructibleIT_T0_EEEiE4typeELi0EEEOS4_OS5_ DATA
 0002:00018a80 00000008H .xdata$_ZNKSt3__110unique_ptrIA_PNS_16__hash_node_baseIPNS_11__hash_nodeINS_17__hash_value_typeIPN6System7Typinfo9TTypeInfoEPSt9type_infoEEPvEEEENS_25__bucket_list_deallocatorINS_9allocatorISF_EEEEE11get_deleterB8ne200100Ev DATA
 0002:00018a88 00000008H .xdata$_ZNKSt3__125__bucket_list_deallocatorINS_9allocatorIPNS_16__hash_node_baseIPNS_11__hash_nodeINS_17__hash_value_typeIPN6System7Typinfo9TTypeInfoEPSt9type_infoEEPvEEEEEEE4sizeB8ne200100Ev DATA
 0002:00018a90 00000008H .xdata$_ZNKSt3__18equal_toIPN6System7Typinfo9TTypeInfoEEclB8ne200100ERKS4_S7_ DATA
 0002:00018a98 00000008H .xdata$_ZNKSt3__117__hash_value_typeIPN6System7Typinfo9TTypeInfoEPSt9type_infoE11__get_valueB8ne200100Ev DATA
 0002:00018aa0 00000008H .xdata$_ZNSt3__17launderB8ne200100IKNS_4pairIKPN6System7Typinfo9TTypeInfoEPSt9type_infoEEEEPT_SC_ DATA
 0002:00018aa8 00000008H .xdata$_ZNSt3__19__launderB8ne200100IKNS_4pairIKPN6System7Typinfo9TTypeInfoEPSt9type_infoEEEEPT_SC_ DATA
 0002:00018ab0 00000008H .xdata$_ZNSt3__116allocator_traitsINS_9allocatorINS_11__hash_nodeINS_17__hash_value_typeIPN6System7Typinfo9TTypeInfoEPSt9type_infoEEPvEEEEE8allocateB8ne200100ERSD_y DATA
 0002:00018ab8 00000008H .xdata$_ZNSt3__122__hash_node_destructorINS_9allocatorINS_11__hash_nodeINS_17__hash_value_typeIPN6System7Typinfo9TTypeInfoEPSt9type_infoEEPvEEEEEC2B8ne200100ERSD_b DATA
 0002:00018ac0 00000008H .xdata$_ZNSt3__110unique_ptrINS_11__hash_nodeINS_17__hash_value_typeIPN6System7Typinfo9TTypeInfoEPSt9type_infoEEPvEENS_22__hash_node_destructorINS_9allocatorISB_EEEEEC2B8ne200100ILb1EvEEPSB_NS_16__dependent_typeINS_27__unique_ptr_deleter_sfinaeISF_EEXT_EE20__good_rval_ref_typeE DATA
 0002:00018ac8 00000008H .xdata$_ZNSt3__114__construct_atB8ne200100INS_11__hash_nodeINS_17__hash_value_typeIPN6System7Typinfo9TTypeInfoEPSt9type_infoEEPvEEJDnRyEPSB_EEPT_SF_DpOT0_ DATA
 0002:00018ad0 00000008H .xdata$_ZNKSt3__110unique_ptrINS_11__hash_nodeINS_17__hash_value_typeIPN6System7Typinfo9TTypeInfoEPSt9type_infoEEPvEENS_22__hash_node_destructorINS_9allocatorISB_EEEEEdeB8ne200100Ev DATA
 0002:00018ad8 00000008H .xdata$_ZNSt3__116allocator_traitsINS_9allocatorINS_11__hash_nodeINS_17__hash_value_typeIPN6System7Typinfo9TTypeInfoEPSt9type_infoEEPvEEEEE9constructB8ne200100INS_4pairIKS7_S9_EEJRKNS_21piecewise_construct_tENS_5tupleIJRSH_EEENSM_IJEEEEvTnNS_9enable_ifIXntsr15__has_constructISD_PT_DpT0_EE5valueEiE4typeELi0EEEvRSD_SS_DpOST_ DATA
 0002:00018ae0 00000008H .xdata$_ZNSt3__110unique_ptrINS_11__hash_nodeINS_17__hash_value_typeIPN6System7Typinfo9TTypeInfoEPSt9type_infoEEPvEENS_22__hash_node_destructorINS_9allocatorISB_EEEEE11get_deleterB8ne200100Ev DATA
 0002:00018ae8 00000008H .xdata$_ZNSt3__19allocatorINS_11__hash_nodeINS_17__hash_value_typeIPN6System7Typinfo9TTypeInfoEPSt9type_infoEEPvEEE8allocateB8ne200100Ey DATA
 0002:00018af0 00000008H .xdata$_ZNSt3__116allocator_traitsINS_9allocatorINS_11__hash_nodeINS_17__hash_value_typeIPN6System7Typinfo9TTypeInfoEPSt9type_infoEEPvEEEEE8max_sizeB8ne200100ISD_vTnNS_9enable_ifIXntsr14__has_max_sizeIKT_EE5valueEiE4typeELi0EEEyRKSD_ DATA
 0002:00018af8 00000008H .xdata$_ZSt28__throw_bad_array_new_lengthB8ne200100v DATA
 0002:00018b00 00000008H .xdata$_ZNSt3__117__libcpp_allocateB8ne200100INS_11__hash_nodeINS_17__hash_value_typeIPN6System7Typinfo9TTypeInfoEPSt9type_infoEEPvEEEEPT_NS_15__element_countEy DATA
 0002:00018b08 00000008H .xdata$_ZNSt3__114numeric_limitsIyE3maxB8ne200100Ev DATA
 0002:00018b10 00000008H .xdata$_ZNSt3__121__libcpp_operator_newB8ne200100IJySt11align_val_tEEEPvDpT_ DATA
 0002:00018b18 00000008H .xdata$_ZNSt3__121__libcpp_operator_newB8ne200100IJyEEEPvDpT_ DATA
 0002:00018b20 00000008H .xdata$_ZNSt3__125__compressed_pair_paddingINS_22__hash_node_destructorINS_9allocatorINS_11__hash_nodeINS_17__hash_value_typeIPN6System7Typinfo9TTypeInfoEPSt9type_infoEEPvEEEEEELb0EEC2Ev DATA
 0002:00018b28 00000008H .xdata$_ZNSt3__112construct_atB8ne200100INS_11__hash_nodeINS_17__hash_value_typeIPN6System7Typinfo9TTypeInfoEPSt9type_infoEEPvEEJDnRyEPSB_EEPT_SF_DpOT0_ DATA
 0002:00018b30 00000008H .xdata$_ZNSt3__111__hash_nodeINS_17__hash_value_typeIPN6System7Typinfo9TTypeInfoEPSt9type_infoEEPvEC2B8ne200100EPNS_16__hash_node_baseIPSA_EEy DATA
 0002:00018b38 00000008H .xdata$_ZNSt3__116__hash_node_baseIPNS_11__hash_nodeINS_17__hash_value_typeIPN6System7Typinfo9TTypeInfoEPSt9type_infoEEPvEEEC2B8ne200100EPSD_ DATA
 0002:00018b40 00000008H .xdata$_ZNSt3__114__construct_atB8ne200100INS_4pairIKPN6System7Typinfo9TTypeInfoEPSt9type_infoEEJRKNS_21piecewise_construct_tENS_5tupleIJRS6_EEENSD_IJEEEEPS9_EEPT_SJ_DpOT0_ DATA
 0002:00018b48 00000008H .xdata$_ZNSt3__112construct_atB8ne200100INS_4pairIKPN6System7Typinfo9TTypeInfoEPSt9type_infoEEJRKNS_21piecewise_construct_tENS_5tupleIJRS6_EEENSD_IJEEEEPS9_EEPT_SJ_DpOT0_ DATA
 0002:00018b50 00000020H .xdata$_ZNSt3__14pairIKPN6System7Typinfo9TTypeInfoEPSt9type_infoEC2B8ne200100IJRS5_EJEEENS_21piecewise_construct_tENS_5tupleIJDpT_EEENSC_IJDpT0_EEE DATA
 0002:00018b70 00000008H .xdata$_ZNSt3__14pairIKPN6System7Typinfo9TTypeInfoEPSt9type_infoEC2B8ne200100IJRS5_EJEJLy0EETpTnyJEEENS_21piecewise_construct_tERNS_5tupleIJDpT_EEERNSC_IJDpT0_EEENS_15__tuple_indicesIJXspT1_EEEENSL_IJXspT2_EEEE DATA
 0002:00018b78 00000008H .xdata$_ZNSt3__13getB8ne200100ILy0EJRKPN6System7Typinfo9TTypeInfoEEEERNS_13tuple_elementIXT_ENS_5tupleIJDpT0_EEEE4typeERSB_ DATA
 0002:00018b80 00000008H .xdata$_ZNSt3__112__tuple_leafILy0ERKPN6System7Typinfo9TTypeInfoELb0EE3getB8ne200100Ev DATA
 0002:00018b88 00000008H .xdata$_ZNSt3__112__hash_tableINS_17__hash_value_typeIPN6System7Typinfo9TTypeInfoEPSt9type_infoEENS_22__unordered_map_hasherIS5_S8_NS_4hashIS5_EENS_8equal_toIS5_EELb1EEENS_21__unordered_map_equalIS5_S8_SD_SB_Lb1EEENS_9allocatorIS8_EEE8__rehashILb1EEEvy DATA
 0002:00018b90 00000008H .xdata$_ZNSt3__112__hash_tableINS_17__hash_value_typeIPN6System7Typinfo9TTypeInfoEPSt9type_infoEENS_22__unordered_map_hasherIS5_S8_NS_4hashIS5_EENS_8equal_toIS5_EELb1EEENS_21__unordered_map_equalIS5_S8_SD_SB_Lb1EEENS_9allocatorIS8_EEE11__do_rehashILb1EEEvy DATA
 0002:00018b98 00000008H .xdata$_ZNSt3__116__next_hash_pow2B8ne200100Ey DATA
 0002:00018ba0 00000008H .xdata$_ZNSt3__110unique_ptrIA_PNS_16__hash_node_baseIPNS_11__hash_nodeINS_17__hash_value_typeIPN6System7Typinfo9TTypeInfoEPSt9type_infoEEPvEEEENS_25__bucket_list_deallocatorINS_9allocatorISF_EEEEE11get_deleterB8ne200100Ev DATA
 0002:00018ba8 00000008H .xdata$_ZNSt3__110unique_ptrIA_PNS_16__hash_node_baseIPNS_11__hash_nodeINS_17__hash_value_typeIPN6System7Typinfo9TTypeInfoEPSt9type_infoEEPvEEEENS_25__bucket_list_deallocatorINS_9allocatorISF_EEEEE5resetB8ne200100IPSF_TnNS_9enable_ifIXsr28_CheckArrayPointerConversionIT_EE5valueEiE4typeELi0EEEvSP_ DATA
 0002:00018bb0 00000008H .xdata$_ZNSt3__116allocator_traitsINS_9allocatorIPNS_16__hash_node_baseIPNS_11__hash_nodeINS_17__hash_value_typeIPN6System7Typinfo9TTypeInfoEPSt9type_infoEEPvEEEEEEE8allocateB8ne200100ERSH_y DATA
 0002:00018bb8 00000008H .xdata$_ZNSt3__19allocatorIPNS_16__hash_node_baseIPNS_11__hash_nodeINS_17__hash_value_typeIPN6System7Typinfo9TTypeInfoEPSt9type_infoEEPvEEEEE8allocateB8ne200100Ey DATA
 0002:00018bc0 00000008H .xdata$_ZNSt3__116allocator_traitsINS_9allocatorIPNS_16__hash_node_baseIPNS_11__hash_nodeINS_17__hash_value_typeIPN6System7Typinfo9TTypeInfoEPSt9type_infoEEPvEEEEEEE8max_sizeB8ne200100ISH_vTnNS_9enable_ifIXntsr14__has_max_sizeIKT_EE5valueEiE4typeELi0EEEyRKSH_ DATA
 0002:00018bc8 00000008H .xdata$_ZNSt3__117__libcpp_allocateB8ne200100IPNS_16__hash_node_baseIPNS_11__hash_nodeINS_17__hash_value_typeIPN6System7Typinfo9TTypeInfoEPSt9type_infoEEPvEEEEEEPT_NS_15__element_countEy DATA
 0002:00018bd0 00000008H .xdata$_ZNSt3__112__libcpp_clzB8ne200100Ey DATA
 0002:00018bd8 00000008H .xdata$_ZNSt3__13maxB8ne200100IyNS_6__lessIvvEEEERKT_S5_S5_T0_ DATA
 0002:00018be0 00000008H .xdata$_ZNKSt3__16__lessIvvEclB8ne200100IyyEEbRKT_RKT0_ DATA
 0002:00018be8 00000008H .xdata$_ZNSt3__110unique_ptrINS_11__hash_nodeINS_17__hash_value_typeIPN6System7Typinfo9TTypeInfoEPSt9type_infoEEPvEENS_22__hash_node_destructorINS_9allocatorISB_EEEEE5resetB8ne200100EPSB_ DATA
 0002:00018bf0 00000020H .xdata$_ZNSt3__122__hash_node_destructorINS_9allocatorINS_11__hash_nodeINS_17__hash_value_typeIPN6System7Typinfo9TTypeInfoEPSt9type_infoEEPvEEEEEclB8ne200100EPSC_ DATA
 0002:00018c10 00000008H .xdata$_ZNSt3__15tupleIJRKPN6System7Typinfo9TTypeInfoEEEC2B8ne200100INS_4_AndETnNS_9enable_ifIXsrT_IJNS_17integral_constantIbLb1EEENS_21is_copy_constructibleIS6_EEEE5valueEiE4typeELi0EEES6_ DATA
 0002:00018c18 00000008H .xdata$_ZNSt3__112__tuple_implINS_15__tuple_indicesIJLy0EEEEJRKPN6System7Typinfo9TTypeInfoEEEC2B8ne200100IJLy0EEJS8_ETpTnyJEJEJS8_EEENS1_IJXspT_EEEENS_13__tuple_typesIJDpT0_EEENS1_IJXspT1_EEEENSC_IJDpT2_EEEDpOT3_ DATA
 0002:00018c20 00000008H .xdata$_ZNSt3__112__tuple_leafILy0ERKPN6System7Typinfo9TTypeInfoELb0EEC2B8ne200100IS6_TnNS_9enable_ifIXsr4_AndINS_17integral_constantIbXntu9__is_sameu14__remove_cvrefIT_ES7_EEEENS_16is_constructibleIS6_JSB_EEEEE5valueEiE4typeELi0EEEOSB_ DATA
 0002:00018c28 00000008H .xdata$_ZNSt3__114pointer_traitsIPNS_17__hash_value_typeIPN6System7Typinfo9TTypeInfoEPSt9type_infoEEE10pointer_toB8ne200100ERS8_ DATA
 0002:00018c30 00000008H .xdata$_ZN6System11AnsiStringTILt65001EE4swapERS1_ DATA
 0002:00018c38 000006d0H .xdata                  DATA
 0002:00019308 00000020H .xdata$_ZN6System8Sysutils11ERangeErrorC3ENS_13UnicodeStringE DATA
 0002:00019328 00000020H .xdata$_ZN6System11AnsiStringTILt0EED2Ev DATA
 0002:00019348 00000020H .xdata$_ZN6System8Sysutils9EIntErrorC3ENS_13UnicodeStringE DATA
 0002:00019368 00000020H .xdata$_ZN6System8Sysutils9EExternalC3ENS_13UnicodeStringE DATA
 0002:00019388 00000008H .xdata$_ZN6System8_CharLenIwEEiPKT_ DATA
 0002:00019390 00000008H .xdata$_ZN6System8_CharLenIDsEEiPKT_ DATA
 0002:00019398 00000008H .xdata$_ZN6System14AnsiStringBaseC2ILt0EEEONS_11AnsiStringTIXT_EEE DATA
 0002:000193a0 00000008H .xdata$_ZNK6System14AnsiStringBase8CodePageEv DATA
 0002:000193a8 00000008H .xdata$_ZNK6System14AnsiStringBaseixEi DATA
 0002:000193b0 00000f7cH .xdata                  DATA
 0004:00000000 000001d0H .data                   DATA
 0004:000001d0 00000200H .bss                    DATA
 0004:000003d0 00000008H .bss$_ZGVZN6System11AnsiStringTILt0EED1EvE13__force_inst1 DATA
 0004:000003d8 00000008H .bss$_ZGVZN6System11AnsiStringTILt0EED1EvE13__force_inst2 DATA
 0004:000003e0 00000008H .bss$_ZGVZN6System15DelphiInterfaceINS_14IEnumerable__1INS_13UnicodeStringEEEED1EvE13__force_inst1 DATA
 0004:000003e8 00000008H .bss$_ZGVZN6System15DelphiInterfaceINS_14IEnumerable__1INS_13UnicodeStringEEEED1EvE13__force_inst2 DATA
 0004:000003f0 00000008H .bss$_ZGVZN6System15DelphiInterfaceINS_14IEnumerator__1INS_13UnicodeStringEEEED1EvE13__force_inst1 DATA
 0004:000003f8 00000008H .bss$_ZGVZN6System15DelphiInterfaceINS_14IEnumerator__1INS_13UnicodeStringEEEED1EvE13__force_inst2 DATA
 0004:00000400 00000008H .bss$_ZZN6System11AnsiStringTILt0EED1EvE13__force_inst1 DATA
 0004:00000408 00000008H .bss$_ZZN6System11AnsiStringTILt0EED1EvE13__force_inst2 DATA
 0004:00000410 00000008H .bss$_ZZN6System15DelphiInterfaceINS_14IEnumerable__1INS_13UnicodeStringEEEED1EvE13__force_inst1 DATA
 0004:00000418 00000008H .bss$_ZZN6System15DelphiInterfaceINS_14IEnumerable__1INS_13UnicodeStringEEEED1EvE13__force_inst2 DATA
 0004:00000420 00000008H .bss$_ZZN6System15DelphiInterfaceINS_14IEnumerator__1INS_13UnicodeStringEEEED1EvE13__force_inst1 DATA
 0004:00000428 00000008H .bss$_ZZN6System15DelphiInterfaceINS_14IEnumerator__1INS_13UnicodeStringEEEED1EvE13__force_inst2 DATA
 0005:00000000 00000228H .pdata                  DATA
 0005:00000228 0000000cH .pdata$_ZN6System7Classes15TComponentClassC1EPNS_10TMetaClassE DATA
 0005:00000234 0000000cH .pdata$__clang_call_terminate DATA
 0005:00000240 0000000cH .pdata$_ZN6System7Classes15TComponentClassC2EPNS_10TMetaClassE DATA
 0005:0000024c 0000000cH .pdata$_ZN6System15DelphiMetaClassINS_7Classes15TComponentClassEEC2EPNS_10TMetaClassE DATA
 0005:00000258 00000048H .pdata                  DATA
 0005:000002a0 0000000cH .pdata$_ZN3Vcl5Forms5TFormC3EPN6System7Classes10TComponentE DATA
 0005:000002ac 0000000cH .pdata$_ZN8KorisnikD1Ev DATA
 0005:000002b8 0000000cH .pdata$_ZN10TLoginFormD0Ev DATA
 0005:000002c4 0000000cH .pdata$_ZN3Vcl5Forms5TFormC3EPN6System7Classes10TComponentEi DATA
 0005:000002d0 0000000cH .pdata$_ZN3Vcl5Forms5TFormC3EPN6System7Classes10TComponentEii DATA
 0005:000002dc 0000000cH .pdata$_ZN8KorisnikD2Ev DATA
 0005:000002e8 0000000cH .pdata$_ZN3Vcl5Forms5TFormD0Ev DATA
 0005:000002f4 00000ad4H .pdata                  DATA
 0005:00000dc8 0000000cH .pdata$_ZN6System8Sysutils11ERangeErrorC3ENS_13UnicodeStringE DATA
 0005:00000dd4 0000000cH .pdata$_ZN6System8Sysutils11ERangeErrorD0Ev DATA
 0005:00000de0 0000000cH .pdata$_ZN6System11WideCharLenIwEEiPKT_ DATA
 0005:00000dec 0000000cH .pdata$_ZN6System11WideCharLenIDsEEiPKT_ DATA
 0005:00000df8 0000000cH .pdata$_ZN6System11AnsiStringTILt0EEC2EPKci DATA
 0005:00000e04 0000000cH .pdata$_ZN6System11AnsiStringTILt0EED2Ev DATA
 0005:00000e10 0000000cH .pdata$_ZN6System13UnicodeStringaSEOS0_ DATA
 0005:00000e1c 0000000cH .pdata$_ZN6System11AnsiStringTILt0EEC2Ev DATA
 0005:00000e28 0000000cH .pdata$_ZN6System13UnicodeStringC2ILt0EEERKNS_11AnsiStringTIXT_EEE DATA
 0005:00000e34 0000000cH .pdata$_ZN6System15DelphiInterfaceINS_14IEnumerator__1INS_13UnicodeStringEEEEC2ERKS4_ DATA
 0005:00000e40 0000000cH .pdata$_ZN6System15DelphiInterfaceINS_14IEnumerator__1INS_13UnicodeStringEEEED2Ev DATA
 0005:00000e4c 0000000cH .pdata$_ZN6System15DelphiInterfaceINS_14IEnumerable__1INS_13UnicodeStringEEEEC2ERKS4_ DATA
 0005:00000e58 0000000cH .pdata$_ZN6System15DelphiInterfaceINS_14IEnumerable__1INS_13UnicodeStringEEEED2Ev DATA
 0005:00000e64 0000000cH .pdata$_ZN6System8Sysutils9EIntErrorC3ENS_13UnicodeStringE DATA
 0005:00000e70 0000000cH .pdata$_ZN6System8Sysutils9EExternalC3ENS_13UnicodeStringE DATA
 0005:00000e7c 0000000cH .pdata$_ZN6System8Sysutils9EIntErrorD0Ev DATA
 0005:00000e88 0000000cH .pdata$_ZN6System8Sysutils9EExternalD0Ev DATA
 0005:00000e94 0000000cH .pdata$_ZN6System11AnsiStringTILt0EEC2ERKS1_ DATA
 0005:00000ea0 0000000cH .pdata$_ZN6System14AnsiStringBaseC2Ev DATA
 0005:00000eac 0000000cH .pdata$_ZN6System15DelphiInterfaceINS_14IEnumerator__1INS_13UnicodeStringEEEEC2Ev DATA
 0005:00000eb8 0000000cH .pdata$_ZN6System15DelphiInterfaceINS_14IEnumerable__1INS_13UnicodeStringEEEEC2Ev DATA
 0005:00000ec4 00000240H .pdata                  DATA
 0005:00001104 0000000cH .pdata$_ZN6System15DelphiInterfaceINS_10IInterfaceEEadEv DATA
 0005:00001110 0000000cH .pdata$_ZN6System15DelphiInterfaceINS_10IInterfaceEED2Ev DATA
 0005:0000111c 0000000cH .pdata$_ZNSt3__110lock_guardINS_5mutexEEC2B8ne200100ERS1_ DATA
 0005:00001128 0000000cH .pdata$_ZNSt3__113unordered_mapIPN6System7Typinfo9TTypeInfoEPSt9type_infoNS_4hashIS4_EENS_8equal_toIS4_EENS_9allocatorINS_4pairIKS4_S6_EEEEEC2B8ne200100Ev DATA
 0005:00001134 0000000cH .pdata$_ZNSt3__113unordered_mapIPN6System7Typinfo9TTypeInfoEPSt9type_infoNS_4hashIS4_EENS_8equal_toIS4_EENS_9allocatorINS_4pairIKS4_S6_EEEEED2B8ne200100Ev DATA
 0005:00001140 0000000cH .pdata$_ZNSt3__113unordered_mapIPN6System7Typinfo9TTypeInfoEPSt9type_infoNS_4hashIS4_EENS_8equal_toIS4_EENS_9allocatorINS_4pairIKS4_S6_EEEEEixERSD_ DATA
 0005:0000114c 0000000cH .pdata$_ZN6System11AnsiStringTILt65001EEC2ERKNS_13UnicodeStringE DATA
 0005:00001158 0000000cH .pdata$_ZNK6System11AnsiStringTILt65001EEplERKS1_ DATA
 0005:00001164 0000000cH .pdata$_ZN6System11AnsiStringTILt65001EEC2EPKc DATA
 0005:00001170 0000000cH .pdata$_ZN6System11AnsiStringTILt65001EEC2Ev DATA
 0005:0000117c 0000000cH .pdata$_ZN6System11AnsiStringTILt65001EEaSEOS1_ DATA
 0005:00001188 0000000cH .pdata$_ZN6System11AnsiStringTILt65001EED2Ev DATA
 0005:00001194 0000000cH .pdata$_ZN10__cxxabiv117__class_type_infoC2Ev DATA
 0005:000011a0 0000000cH .pdata$_ZNK6System11AnsiStringTILt65001EE5c_strEv DATA
 0005:000011ac 0000000cH .pdata$_ZNSt3__110lock_guardINS_5mutexEED2B8ne200100Ev DATA
 0005:000011b8 0000000cH .pdata$_ZN10__cxxabiv116__shim_type_infoC2Ev DATA
 0005:000011c4 0000000cH .pdata$_ZNSt3__112__hash_tableINS_17__hash_value_typeIPN6System7Typinfo9TTypeInfoEPSt9type_infoEENS_22__unordered_map_hasherIS5_S8_NS_4hashIS5_EENS_8equal_toIS5_EELb1EEENS_21__unordered_map_equalIS5_S8_SD_SB_Lb1EEENS_9allocatorIS8_EEEC2Ev DATA
 0005:000011d0 0000000cH .pdata$_ZNSt3__110unique_ptrIA_PNS_16__hash_node_baseIPNS_11__hash_nodeINS_17__hash_value_typeIPN6System7Typinfo9TTypeInfoEPSt9type_infoEEPvEEEENS_25__bucket_list_deallocatorINS_9allocatorISF_EEEEEC2B8ne200100ILb1EvEEv DATA
 0005:000011dc 0000000cH .pdata$_ZNSt3__116__hash_node_baseIPNS_11__hash_nodeINS_17__hash_value_typeIPN6System7Typinfo9TTypeInfoEPSt9type_infoEEPvEEEC2B8ne200100Ev DATA
 0005:000011e8 0000000cH .pdata$_ZNSt3__19allocatorINS_11__hash_nodeINS_17__hash_value_typeIPN6System7Typinfo9TTypeInfoEPSt9type_infoEEPvEEEC2B8ne200100Ev DATA
 0005:000011f4 0000000cH .pdata$_ZNSt3__122__unordered_map_hasherIPN6System7Typinfo9TTypeInfoENS_17__hash_value_typeIS4_PSt9type_infoEENS_4hashIS4_EENS_8equal_toIS4_EELb1EEC2B8ne200100Ev DATA
 0005:00001200 0000000cH .pdata$_ZNSt3__121__unordered_map_equalIPN6System7Typinfo9TTypeInfoENS_17__hash_value_typeIS4_PSt9type_infoEENS_8equal_toIS4_EENS_4hashIS4_EELb1EEC2B8ne200100Ev DATA
 0005:0000120c 0000000cH .pdata$_ZNSt3__125__bucket_list_deallocatorINS_9allocatorIPNS_16__hash_node_baseIPNS_11__hash_nodeINS_17__hash_value_typeIPN6System7Typinfo9TTypeInfoEPSt9type_infoEEPvEEEEEEEC2B8ne200100Ev DATA
 0005:00001218 0000000cH .pdata$_ZNSt3__19allocatorIPNS_16__hash_node_baseIPNS_11__hash_nodeINS_17__hash_value_typeIPN6System7Typinfo9TTypeInfoEPSt9type_infoEEPvEEEEEC2B8ne200100Ev DATA
 0005:00001224 0000000cH .pdata$_ZNSt3__116__non_trivial_ifILb1ENS_9allocatorIPNS_16__hash_node_baseIPNS_11__hash_nodeINS_17__hash_value_typeIPN6System7Typinfo9TTypeInfoEPSt9type_infoEEPvEEEEEEEC2B8ne200100Ev DATA
 0005:00001230 0000000cH .pdata$_ZNSt3__116__non_trivial_ifILb1ENS_9allocatorINS_11__hash_nodeINS_17__hash_value_typeIPN6System7Typinfo9TTypeInfoEPSt9type_infoEEPvEEEEEC2B8ne200100Ev DATA
 0005:0000123c 0000000cH .pdata$_ZNSt3__112__hash_tableINS_17__hash_value_typeIPN6System7Typinfo9TTypeInfoEPSt9type_infoEENS_22__unordered_map_hasherIS5_S8_NS_4hashIS5_EENS_8equal_toIS5_EELb1EEENS_21__unordered_map_equalIS5_S8_SD_SB_Lb1EEENS_9allocatorIS8_EEED2Ev DATA
 0005:00001248 0000000cH .pdata$_ZNSt3__112__hash_tableINS_17__hash_value_typeIPN6System7Typinfo9TTypeInfoEPSt9type_infoEENS_22__unordered_map_hasherIS5_S8_NS_4hashIS5_EENS_8equal_toIS5_EELb1EEENS_21__unordered_map_equalIS5_S8_SD_SB_Lb1EEENS_9allocatorIS8_EEE17__deallocate_nodeEPNS_16__hash_node_baseIPNS_11__hash_nodeIS8_PvEEEE DATA
 0005:00001254 0000000cH .pdata$_ZNSt3__110unique_ptrIA_PNS_16__hash_node_baseIPNS_11__hash_nodeINS_17__hash_value_typeIPN6System7Typinfo9TTypeInfoEPSt9type_infoEEPvEEEENS_25__bucket_list_deallocatorINS_9allocatorISF_EEEEED2B8ne200100Ev DATA
 0005:00001260 0000000cH .pdata$_ZNSt3__112__hash_tableINS_17__hash_value_typeIPN6System7Typinfo9TTypeInfoEPSt9type_infoEENS_22__unordered_map_hasherIS5_S8_NS_4hashIS5_EENS_8equal_toIS5_EELb1EEENS_21__unordered_map_equalIS5_S8_SD_SB_Lb1EEENS_9allocatorIS8_EEE12__node_allocB8ne200100Ev DATA
 0005:0000126c 0000000cH .pdata$_ZNSt3__116__hash_node_baseIPNS_11__hash_nodeINS_17__hash_value_typeIPN6System7Typinfo9TTypeInfoEPSt9type_infoEEPvEEE8__upcastB8ne200100Ev DATA
 0005:00001278 0000000cH .pdata$_ZNSt3__116allocator_traitsINS_9allocatorINS_11__hash_nodeINS_17__hash_value_typeIPN6System7Typinfo9TTypeInfoEPSt9type_infoEEPvEEEEE7destroyB8ne200100INS_4pairIKS7_S9_EEvTnNS_9enable_ifIXntsr13__has_destroyISD_PT_EE5valueEiE4typeELi0EEEvRSD_SL_ DATA
 0005:00001284 0000000cH .pdata$_ZNSt3__122__hash_key_value_typesINS_17__hash_value_typeIPN6System7Typinfo9TTypeInfoEPSt9type_infoEEE9__get_ptrB8ne200100ERS8_ DATA
 0005:00001290 0000000cH .pdata$_ZNSt3__111__hash_nodeINS_17__hash_value_typeIPN6System7Typinfo9TTypeInfoEPSt9type_infoEEPvE11__get_valueB8ne200100Ev DATA
 0005:0000129c 0000000cH .pdata$_ZNSt3__112__destroy_atB8ne200100INS_11__hash_nodeINS_17__hash_value_typeIPN6System7Typinfo9TTypeInfoEPSt9type_infoEEPvEETnNS_9enable_ifIXntsr8is_arrayIT_EE5valueEiE4typeELi0EEEvPSD_ DATA
 0005:000012a8 0000000cH .pdata$_ZNSt3__116allocator_traitsINS_9allocatorINS_11__hash_nodeINS_17__hash_value_typeIPN6System7Typinfo9TTypeInfoEPSt9type_infoEEPvEEEEE10deallocateB8ne200100ERSD_PSC_y DATA
 0005:000012b4 0000000cH .pdata$_ZNSt3__114pointer_traitsIPNS_16__hash_node_baseIPNS_11__hash_nodeINS_17__hash_value_typeIPN6System7Typinfo9TTypeInfoEPSt9type_infoEEPvEEEEE10pointer_toB8ne200100ERSE_ DATA
 0005:000012c0 0000000cH .pdata$_ZNSt3__112__destroy_atB8ne200100INS_4pairIKPN6System7Typinfo9TTypeInfoEPSt9type_infoEETnNS_9enable_ifIXntsr8is_arrayIT_EE5valueEiE4typeELi0EEEvPSB_ DATA
 0005:000012cc 0000000cH .pdata$_ZNSt3__117__hash_value_typeIPN6System7Typinfo9TTypeInfoEPSt9type_infoE11__get_valueB8ne200100Ev DATA
 0005:000012d8 0000000cH .pdata$_ZNSt3__17launderB8ne200100INS_4pairIKPN6System7Typinfo9TTypeInfoEPSt9type_infoEEEEPT_SB_ DATA
 0005:000012e4 0000000cH .pdata$_ZNSt3__19__launderB8ne200100INS_4pairIKPN6System7Typinfo9TTypeInfoEPSt9type_infoEEEEPT_SB_ DATA
 0005:000012f0 0000000cH .pdata$_ZNSt3__111__hash_nodeINS_17__hash_value_typeIPN6System7Typinfo9TTypeInfoEPSt9type_infoEEPvED2B8ne200100Ev DATA
 0005:000012fc 0000000cH .pdata$_ZNSt3__19allocatorINS_11__hash_nodeINS_17__hash_value_typeIPN6System7Typinfo9TTypeInfoEPSt9type_infoEEPvEEE10deallocateB8ne200100EPSB_y DATA
 0005:00001308 0000000cH .pdata$_ZNSt3__119__libcpp_deallocateB8ne200100INS_11__hash_nodeINS_17__hash_value_typeIPN6System7Typinfo9TTypeInfoEPSt9type_infoEEPvEEEEvPNS_15__type_identityIT_E4typeENS_15__element_countEy DATA
 0005:00001314 0000000cH .pdata$_ZNSt3__124__is_overaligned_for_newB8ne200100Ey DATA
 0005:00001320 0000000cH .pdata$_ZNSt3__124__libcpp_operator_deleteB8ne200100IJPNS_11__hash_nodeINS_17__hash_value_typeIPN6System7Typinfo9TTypeInfoEPSt9type_infoEEPvEESt11align_val_tEEEvDpT_ DATA
 0005:0000132c 0000000cH .pdata$_ZNSt3__124__libcpp_operator_deleteB8ne200100IJPNS_11__hash_nodeINS_17__hash_value_typeIPN6System7Typinfo9TTypeInfoEPSt9type_infoEEPvEEEEEvDpT_ DATA
 0005:00001338 0000000cH .pdata$_ZNSt3__110unique_ptrIA_PNS_16__hash_node_baseIPNS_11__hash_nodeINS_17__hash_value_typeIPN6System7Typinfo9TTypeInfoEPSt9type_infoEEPvEEEENS_25__bucket_list_deallocatorINS_9allocatorISF_EEEEE5resetB8ne200100EDn DATA
 0005:00001344 0000000cH .pdata$_ZNSt3__125__bucket_list_deallocatorINS_9allocatorIPNS_16__hash_node_baseIPNS_11__hash_nodeINS_17__hash_value_typeIPN6System7Typinfo9TTypeInfoEPSt9type_infoEEPvEEEEEEEclB8ne200100EPSG_ DATA
[...]
 0005:0000297c       $pdata$_ZN6System8Internal10Helperhlpr13TDateTimeHlpr13HourOfTheWeekEv 000000014003a97c     rtl:System.Internal.HelperHlpr.o
 0005:00002988       $pdata$_ZN6System8Internal10Helperhlpr13TDateTimeHlpr15MinuteOfTheWeekEv 000000014003a988     rtl:System.Internal.HelperHlpr.o
 0005:00002994       $pdata$_ZN6System8Internal10Helperhlpr13TDateTimeHlpr15SecondOfTheWeekEv 000000014003a994     rtl:System.Internal.HelperHlpr.o
 0005:000029a0       $pdata$_ZN6System8Internal10Helperhlpr13TDateTimeHlpr20MilliSecondOfTheWeekEv 000000014003a9a0     rtl:System.Internal.HelperHlpr.o
 0005:000029ac       $pdata$_ZN6System8Internal10Helperhlpr13TDateTimeHlpr14MinuteOfTheDayEv 000000014003a9ac     rtl:System.Internal.HelperHlpr.o
 0005:000029b8       $pdata$_ZN6System8Internal10Helperhlpr13TDateTimeHlpr14SecondOfTheDayEv 000000014003a9b8     rtl:System.Internal.HelperHlpr.o
 0005:000029c4       $pdata$_ZN6System8Internal10Helperhlpr13TDateTimeHlpr19MilliSecondOfTheDayEv 000000014003a9c4     rtl:System.Internal.HelperHlpr.o
 0005:000029d0       $pdata$_ZN6System8Internal10Helperhlpr13TDateTimeHlpr15SecondOfTheHourEv 000000014003a9d0     rtl:System.Internal.HelperHlpr.o
 0005:000029dc       $pdata$_ZN6System8Internal10Helperhlpr13TDateTimeHlpr20MilliSecondOfTheHourEv 000000014003a9dc     rtl:System.Internal.HelperHlpr.o
 0005:000029e8       $pdata$_ZN6System8Internal10Helperhlpr13TDateTimeHlpr22MilliSecondOfTheMinuteEv 000000014003a9e8     rtl:System.Internal.HelperHlpr.o
 0005:000029f4       $pdata$_ZN6System8Internal10Helperhlpr13TDateTimeHlpr15WithinPastYearsENS_9TDateTimeEi 000000014003a9f4     rtl:System.Internal.HelperHlpr.o
 0005:00002a00       $pdata$_ZN6System8Internal10Helperhlpr13TDateTimeHlpr16WithinPastMonthsENS_9TDateTimeEi 000000014003aa00     rtl:System.Internal.HelperHlpr.o
 0005:00002a0c       $pdata$_ZN6System8Internal10Helperhlpr13TDateTimeHlpr15WithinPastWeeksENS_9TDateTimeEi 000000014003aa0c     rtl:System.Internal.HelperHlpr.o
 0005:00002a18       $pdata$_ZN6System8Internal10Helperhlpr13TDateTimeHlpr14WithinPastDaysENS_9TDateTimeEi 000000014003aa18     rtl:System.Internal.HelperHlpr.o
 0005:00002a24       $pdata$_ZN6System8Internal10Helperhlpr13TDateTimeHlpr15WithinPastHoursENS_9TDateTimeEx 000000014003aa24     rtl:System.Internal.HelperHlpr.o
 0005:00002a30       $pdata$_ZN6System8Internal10Helperhlpr13TDateTimeHlpr17WithinPastMinutesENS_9TDateTimeEx 000000014003aa30     rtl:System.Internal.HelperHlpr.o
 0005:00002a3c       $pdata$_ZN6System8Internal10Helperhlpr13TDateTimeHlpr17WithinPastSecondsENS_9TDateTimeEx 000000014003aa3c     rtl:System.Internal.HelperHlpr.o
 0005:00002a48       $pdata$_ZN6System8Internal10Helperhlpr13TDateTimeHlpr22WithinPastMilliSecondsENS_9TDateTimeEx 000000014003aa48     rtl:System.Internal.HelperHlpr.o
 0005:00002a54       $pdata$_ZN6System8Internal10Helperhlpr13TDateTimeHlpr12YearsBetweenENS_9TDateTimeE 000000014003aa54     rtl:System.Internal.HelperHlpr.o
 0005:00002a60       $pdata$_ZN6System8Internal10Helperhlpr13TDateTimeHlpr13MonthsBetweenENS_9TDateTimeE 000000014003aa60     rtl:System.Internal.HelperHlpr.o
 0005:00002a6c       $pdata$_ZN6System8Internal10Helperhlpr13TDateTimeHlpr12WeeksBetweenENS_9TDateTimeE 000000014003aa6c     rtl:System.Internal.HelperHlpr.o
 0005:00002a78       $pdata$_ZN6System8Internal10Helperhlpr13TDateTimeHlpr11DaysBetweenENS_9TDateTimeE 000000014003aa78     rtl:System.Internal.HelperHlpr.o
 0005:00002a84       $pdata$_ZN6System8Internal10Helperhlpr13TDateTimeHlpr12HoursBetweenENS_9TDateTimeE 000000014003aa84     rtl:System.Internal.HelperHlpr.o
 0005:00002a90       $pdata$_ZN6System8Internal10Helperhlpr13TDateTimeHlpr14MinutesBetweenENS_9TDateTimeE 000000014003aa90     rtl:System.Internal.HelperHlpr.o
 0005:00002a9c       $pdata$_ZN6System8Internal10Helperhlpr13TDateTimeHlpr14SecondsBetweenENS_9TDateTimeE 000000014003aa9c     rtl:System.Internal.HelperHlpr.o
 0005:00002aa8       $pdata$_ZN6System8Internal10Helperhlpr13TDateTimeHlpr19MilliSecondsBetweenENS_9TDateTimeE 000000014003aaa8     rtl:System.Internal.HelperHlpr.o
 0005:00002ab4       $pdata$_ZN6System8Internal10Helperhlpr13TDateTimeHlpr15DateTimeInRangeENS_9TDateTimeES3_b 000000014003aab4     rtl:System.Internal.HelperHlpr.o
 0005:00002ac0       $pdata$_ZN6System8Internal10Helperhlpr13TDateTimeHlpr11DateInRangeENS_9TDateTimeES3_b 000000014003aac0     rtl:System.Internal.HelperHlpr.o
 0005:00002acc       $pdata$_ZN6System8Internal10Helperhlpr13TDateTimeHlpr11TimeInRangeENS_9TDateTimeES3_b 000000014003aacc     rtl:System.Internal.HelperHlpr.o
 0005:00002ad8       $pdata$_ZN6System8Internal10Helperhlpr13TDateTimeHlpr8YearSpanENS_9TDateTimeE 000000014003aad8     rtl:System.Internal.HelperHlpr.o
 0005:00002ae4       $pdata$_ZN6System8Internal10Helperhlpr13TDateTimeHlpr9MonthSpanENS_9TDateTimeE 000000014003aae4     rtl:System.Internal.HelperHlpr.o
 0005:00002af0       $pdata$_ZN6System8Internal10Helperhlpr13TDateTimeHlpr8WeekSpanENS_9TDateTimeE 000000014003aaf0     rtl:System.Internal.HelperHlpr.o
 0005:00002afc       $pdata$_ZN6System8Internal10Helperhlpr13TDateTimeHlpr7DaySpanENS_9TDateTimeE 000000014003aafc     rtl:System.Internal.HelperHlpr.o
 0005:00002b08       $pdata$_ZN6System8Internal10Helperhlpr13TDateTimeHlpr8HourSpanENS_9TDateTimeE 000000014003ab08     rtl:System.Internal.HelperHlpr.o
 0005:00002b14       $pdata$_ZN6System8Internal10Helperhlpr13TDateTimeHlpr10MinuteSpanENS_9TDateTimeE 000000014003ab14     rtl:System.Internal.HelperHlpr.o
 0005:00002b20       $pdata$_ZN6System8Internal10Helperhlpr13TDateTimeHlpr10SecondSpanENS_9TDateTimeE 000000014003ab20     rtl:System.Internal.HelperHlpr.o
 0005:00002b2c       $pdata$_ZN6System8Internal10Helperhlpr13TDateTimeHlpr15MilliSecondSpanENS_9TDateTimeE 000000014003ab2c     rtl:System.Internal.HelperHlpr.o
 0005:00002b38       $pdata$_ZN6System8Internal10Helperhlpr13TDateTimeHlpr7IncYearEi 000000014003ab38     rtl:System.Internal.HelperHlpr.o
 0005:00002b44       $pdata$_ZN6System8Internal10Helperhlpr13TDateTimeHlpr8IncMonthEi 000000014003ab44     rtl:System.Internal.HelperHlpr.o
 0005:00002b50       $pdata$_ZN6System8Internal10Helperhlpr13TDateTimeHlpr7IncWeekEi 000000014003ab50     rtl:System.Internal.HelperHlpr.o
 0005:00002b5c       $pdata$_ZN6System8Internal10Helperhlpr13TDateTimeHlpr6IncDayEi 000000014003ab5c     rtl:System.Internal.HelperHlpr.o
 0005:00002b68       $pdata$_ZN6System8Internal10Helperhlpr13TDateTimeHlpr7IncHourEx 000000014003ab68     rtl:System.Internal.HelperHlpr.o
 0005:00002b74       $pdata$_ZN6System8Internal10Helperhlpr13TDateTimeHlpr9IncMinuteEx 000000014003ab74     rtl:System.Internal.HelperHlpr.o
 0005:00002b80       $pdata$_ZN6System8Internal10Helperhlpr13TDateTimeHlpr9IncSecondEx 000000014003ab80     rtl:System.Internal.HelperHlpr.o
 0005:00002b8c       $pdata$_ZN6System8Internal10Helperhlpr13TDateTimeHlpr14IncMilliSecondEx 000000014003ab8c     rtl:System.Internal.HelperHlpr.o
 0005:00002b98       $pdata$_ZN6System8Internal10Helperhlpr13TDateTimeHlpr9TryEncodeEttttttt 000000014003ab98     rtl:System.Internal.HelperHlpr.o
 0005:00002ba4       $pdata$_ZN6System8Internal10Helperhlpr13TDateTimeHlpr13TryEncodeWeekEttt 000000014003aba4     rtl:System.Internal.HelperHlpr.o
 0005:00002bb0       $pdata$_ZN6System8Internal10Helperhlpr13TDateTimeHlpr12TryEncodeDayEtt 000000014003abb0     rtl:System.Internal.HelperHlpr.o
 0005:00002bbc       $pdata$_ZN6System8Internal10Helperhlpr13TDateTimeHlpr18TryEncodeMonthWeekEtttt 000000014003abbc     rtl:System.Internal.HelperHlpr.o
 0005:00002bc8       $pdata$_ZN6System8Internal10Helperhlpr13TDateTimeHlpr11SetDateTimeEttttttt 000000014003abc8     rtl:System.Internal.HelperHlpr.o
 0005:00002bd4       $pdata$_ZN6System8Internal10Helperhlpr13TDateTimeHlpr15CompareDateTimeENS_9TDateTimeE 000000014003abd4     rtl:System.Internal.HelperHlpr.o
 0005:00002be0       $pdata$_ZN6System8Internal10Helperhlpr13TDateTimeHlpr12SameDateTimeENS_9TDateTimeE 000000014003abe0     rtl:System.Internal.HelperHlpr.o
 0005:00002bec       $pdata$_ZN6System8Internal10Helperhlpr13TDateTimeHlpr11CompareDateENS_9TDateTimeE 000000014003abec     rtl:System.Internal.HelperHlpr.o
 0005:00002bf8       $pdata$_ZN6System8Internal10Helperhlpr13TDateTimeHlpr8SameDateENS_9TDateTimeE 000000014003abf8     rtl:System.Internal.HelperHlpr.o
 0005:00002c04       $pdata$_ZN6System8Internal10Helperhlpr13TDateTimeHlpr11CompareTimeENS_9TDateTimeE 000000014003ac04     rtl:System.Internal.HelperHlpr.o
 0005:00002c10       $pdata$_ZN6System8Internal10Helperhlpr13TDateTimeHlpr8SameTimeENS_9TDateTimeE 000000014003ac10     rtl:System.Internal.HelperHlpr.o
 0005:00002c1c       $pdata$_ZN6System8Internal10Helperhlpr13TDateTimeHlpr12NthDayOfWeekEv 000000014003ac1c     rtl:System.Internal.HelperHlpr.o
 0005:00002c28       $pdata$_ZN6System8Internal10Helperhlpr13TDateTimeHlpr25TryEncodeDayOfWeekInMonthEtttt 000000014003ac28     rtl:System.Internal.HelperHlpr.o
 0005:00002c34       $pdata$_ZN6System8Internal10Helperhlpr13TDateTimeHlpr12ToJulianDateEv 000000014003ac34     rtl:System.Internal.HelperHlpr.o
 0005:00002c40       $pdata$_ZN6System8Internal10Helperhlpr13TDateTimeHlpr16TrySetJulianDateEd 000000014003ac40     rtl:System.Internal.HelperHlpr.o
 0005:00002c4c       $pdata$_ZN6System8Internal10Helperhlpr13TDateTimeHlpr20ToModifiedJulianDateEv 000000014003ac4c     rtl:System.Internal.HelperHlpr.o
 0005:00002c58       $pdata$_ZN6System8Internal10Helperhlpr13TDateTimeHlpr24TrySetModifiedJulianDateEd 000000014003ac58     rtl:System.Internal.HelperHlpr.o
 0005:00002c64       $pdata$_ZN6System8Internal10Helperhlpr13TDateTimeHlpr6ToUnixEb 000000014003ac64     rtl:System.Internal.HelperHlpr.o
 0005:00002c70       $pdata$_ZN6System8Internal10Helperhlpr13TDateTimeHlpr14ToMillisecondsEv 000000014003ac70     rtl:System.Internal.HelperHlpr.o
 0005:00002c7c       $pdata$_ZN6System8Internal10Helperhlpr13TDateTimeHlpr18TimeToMillisecondsEv 000000014003ac7c     rtl:System.Internal.HelperHlpr.o
 0005:00002c88       $pdata$_ZN6System8Internal10Helperhlpr13TDateTimeHlpr13TrySetISO8601ENS_13UnicodeStringEb 000000014003ac88     rtl:System.Internal.HelperHlpr.o
 0005:00002c94       $pdata$_ZN6System8Internal10Helperhlpr13TDateTimeHlpr9ToISO8601Eb 000000014003ac94     rtl:System.Internal.HelperHlpr.o
 0005:00002ca0       $pdata$_ZN6System8Internal10Helperhlpr13TDateTimeHlpr8ToStringEv 000000014003aca0     rtl:System.Internal.HelperHlpr.o
 0005:00002cac       $pdata$_ZN6System8Internal10Helperhlpr13TDateTimeHlpr8ToStringERKNS_8Sysutils15TFormatSettingsE 000000014003acac     rtl:System.Internal.HelperHlpr.o
 0005:00002cb8       $pdata$_ZN6System8Internal10Helperhlpr13TDateTimeHlpr6FormatENS_13UnicodeStringE 000000014003acb8     rtl:System.Internal.HelperHlpr.o
 0005:00002cc4       $pdata$_ZN6System8Internal10Helperhlpr13TDateTimeHlpr6FormatENS_13UnicodeStringERKNS_8Sysutils15TFormatSettingsE 000000014003acc4     rtl:System.Internal.HelperHlpr.o
 0005:00002cd0       $pdata$_ZN6System8Internal10Helperhlpr13TDateTimeHlpr7AddYearEi 000000014003acd0     rtl:System.Internal.HelperHlpr.o
 0005:00002cdc       $pdata$_ZN6System8Internal10Helperhlpr13TDateTimeHlpr8AddMonthEi 000000014003acdc     rtl:System.Internal.HelperHlpr.o
 0005:00002ce8       $pdata$_ZN6System8Internal10Helperhlpr13TDateTimeHlpr7AddWeekEi 000000014003ace8     rtl:System.Internal.HelperHlpr.o
 0005:00002cf4       $pdata$_ZN6System8Internal10Helperhlpr13TDateTimeHlpr6AddDayEi 000000014003acf4     rtl:System.Internal.HelperHlpr.o
 0005:00002d00       $pdata$_ZN6System8Internal10Helperhlpr13TDateTimeHlpr7AddHourEx 000000014003ad00     rtl:System.Internal.HelperHlpr.o
 0005:00002d0c       $pdata$_ZN6System8Internal10Helperhlpr13TDateTimeHlpr9AddMinuteEx 000000014003ad0c     rtl:System.Internal.HelperHlpr.o
 0005:00002d18       $pdata$_ZN6System8Internal10Helperhlpr13TDateTimeHlpr9AddSecondEx 000000014003ad18     rtl:System.Internal.HelperHlpr.o
 0005:00002d24       $pdata$_ZN6System8Internal10Helperhlpr13TDateTimeHlpr14AddMilliSecondEx 000000014003ad24     rtl:System.Internal.HelperHlpr.o
 0005:00002d30       $pdata$_ZN6System8Internal10Helperhlpr13TDateTimeHlpr6EncodeEttttttt 000000014003ad30     rtl:System.Internal.HelperHlpr.o
 0005:00002d3c       $pdata$_ZN6System8Internal10Helperhlpr13TDateTimeHlpr6DecodeERtS3_S3_S3_S3_S3_S3_ 000000014003ad3c     rtl:System.Internal.HelperHlpr.o
 0005:00002d48       $pdata$_ZN6System8Internal10Helperhlpr13TDateTimeHlpr10EncodeWeekEttt 000000014003ad48     rtl:System.Internal.HelperHlpr.o
 0005:00002d54       $pdata$_ZN6System8Internal10Helperhlpr13TDateTimeHlpr10DecodeWeekERtS3_S3_ 000000014003ad54     rtl:System.Internal.HelperHlpr.o
 0005:00002d60       $pdata$_ZN6System8Internal10Helperhlpr13TDateTimeHlpr9EncodeDayEtt 000000014003ad60     rtl:System.Internal.HelperHlpr.o
 0005:00002d6c       $pdata$_ZN6System8Internal10Helperhlpr13TDateTimeHlpr9DecodeDayERtS3_ 000000014003ad6c     rtl:System.Internal.HelperHlpr.o
 0005:00002d78       $pdata$_ZN6System8Internal10Helperhlpr13TDateTimeHlpr15EncodeMonthWeekEtttt 000000014003ad78     rtl:System.Internal.HelperHlpr.o
 0005:00002d84       $pdata$_ZN6System8Internal10Helperhlpr13TDateTimeHlpr15DecodeMonthWeekERtS3_S3_S3_ 000000014003ad84     rtl:System.Internal.HelperHlpr.o
 0005:00002d90       $pdata$_ZN6System8Internal10Helperhlpr13TDateTimeHlpr7SetYearEt 000000014003ad90     rtl:System.Internal.HelperHlpr.o
 0005:00002d9c       $pdata$_ZN6System8Internal10Helperhlpr13TDateTimeHlpr8SetMonthEt 000000014003ad9c     rtl:System.Internal.HelperHlpr.o
 0005:00002da8       $pdata$_ZN6System8Internal10Helperhlpr13TDateTimeHlpr6SetDayEt 000000014003ada8     rtl:System.Internal.HelperHlpr.o
 0005:00002db4       $pdata$_ZN6System8Internal10Helperhlpr13TDateTimeHlpr7SetHourEt 000000014003adb4     rtl:System.Internal.HelperHlpr.o
 0005:00002dc0       $pdata$_ZN6System8Internal10Helperhlpr13TDateTimeHlpr9SetMinuteEt 000000014003adc0     rtl:System.Internal.HelperHlpr.o
 0005:00002dcc       $pdata$_ZN6System8Internal10Helperhlpr13TDateTimeHlpr9SetSecondEt 000000014003adcc     rtl:System.Internal.HelperHlpr.o
 0005:00002dd8       $pdata$_ZN6System8Internal10Helperhlpr13TDateTimeHlpr14SetMilliSecondEt 000000014003add8     rtl:System.Internal.HelperHlpr.o
 0005:00002de4       $pdata$_ZN6System8Internal10Helperhlpr13TDateTimeHlpr7SetDateEttt 000000014003ade4     rtl:System.Internal.HelperHlpr.o
 0005:00002df0       $pdata$_ZN6System8Internal10Helperhlpr13TDateTimeHlpr7SetTimeEtttt 000000014003adf0     rtl:System.Internal.HelperHlpr.o
 0005:00002dfc       $pdata$_ZN6System8Internal10Helperhlpr13TDateTimeHlpr22DecodeDayOfWeekInMonthERtS3_S3_S3_ 000000014003adfc     rtl:System.Internal.HelperHlpr.o
 0005:00002e08       $pdata$_ZN6System8Internal10Helperhlpr13TDateTimeHlpr22EncodeDayOfWeekInMonthEtttt 000000014003ae08     rtl:System.Internal.HelperHlpr.o
 0005:00002e14       $pdata$_ZN6System8Internal10Helperhlpr13TDateTimeHlpr13SetJulianDateEd 000000014003ae14     rtl:System.Internal.HelperHlpr.o
 0005:00002e20       $pdata$_ZN6System8Internal10Helperhlpr13TDateTimeHlpr21SetModifiedJulianDateEd 000000014003ae20     rtl:System.Internal.HelperHlpr.o
 0005:00002e2c       $pdata$_ZN6System8Internal10Helperhlpr13TDateTimeHlpr7SetUnixExb 000000014003ae2c     rtl:System.Internal.HelperHlpr.o
 0005:00002e38       $pdata$_ZN6System8Internal10Helperhlpr13TDateTimeHlpr10SetISO8601ENS_13UnicodeStringEb 000000014003ae38     rtl:System.Internal.HelperHlpr.o
 0005:00002e44       $pdata$_ZN6System8Internal10Helperhlpr13TDateTimeHlpr11SetHttpDateENS_13UnicodeStringEb 000000014003ae44     rtl:System.Internal.HelperHlpr.o
 0005:00002e50       $pdata$_ZN6System8Internal10Helperhlpr12FinalizationEv 000000014003ae50     rtl:System.Internal.HelperHlpr.o
 0005:00002e5c       $pdata$_ZN6System8Internal10Helperhlpr14initializationEv 000000014003ae5c     rtl:System.Internal.HelperHlpr.o
 0005:00003030       $pdata$_ZN6System8Internal7Initcpp23SelectForInitializationEPNS1_20TUnitDescriptorBlockES3_ 000000014003b030     rtl:System.Internal.InitCPP.o
 0005:0000303c       $pdata$_ZN6System8Internal7Initcpp23SelectForInitializationEPPNS1_20TUnitDescriptorBlockES4_ 000000014003b03c     rtl:System.Internal.InitCPP.o
 0005:00003048       $pdata$_ZN6System8Internal7Initcpp15InitializeUnitsEPNS1_20TUnitDescriptorBlockES3_ 000000014003b048     rtl:System.Internal.InitCPP.o
 0005:00003054       $pdata$_ZN6System8Internal7Initcpp13FinalizeUnitsEPNS1_20TUnitDescriptorBlockES3_ 000000014003b054     rtl:System.Internal.InitCPP.o
 0005:00003060       $pdata$_ZN6System8Internal7Initcpp15InitializeUnitsEPPNS1_20TUnitDescriptorBlockES4_ 000000014003b060     rtl:System.Internal.InitCPP.o
 0005:0000306c       $pdata$_ZN6System8Internal7Initcpp13FinalizeUnitsEPPNS1_20TUnitDescriptorBlockES4_ 000000014003b06c     rtl:System.Internal.InitCPP.o
 0005:00003078       $pdata$_ZN6System8Internal7Initcpp15InitializeUnitsEPNS1_15TUnitDescriptorES3_ 000000014003b078     rtl:System.Internal.InitCPP.o
 0005:00003084       $pdata$_ZN6System8Internal7Initcpp13FinalizeUnitsEPNS1_15TUnitDescriptorES3_ 000000014003b084     rtl:System.Internal.InitCPP.o
 0005:00003090       $pdata$_ZN6System8Internal7Initcpp15CalculateDegreeEPNS1_20TUnitDescriptorBlockES3_ 000000014003b090     rtl:System.Internal.InitCPP.o
 0005:0000309c       $pdata$_ZN6System8Internal7Initcpp15CalculateDegreeEPPNS1_20TUnitDescriptorBlockES4_ 000000014003b09c     rtl:System.Internal.InitCPP.o
 0005:000030a8       $pdata$_ZN6System8Internal7Initcpp16FinalizeUnitListEPPPNS1_15TUnitDescriptorES5_ 000000014003b0a8     rtl:System.Internal.InitCPP.o
 0005:000030c0       $pdata$_ZN6System8Internal7Initcpp18InitializeRootUnitEPNS1_15TUnitDescriptorE 000000014003b0c0     rtl:System.Internal.InitCPP.o
 0005:000030fc       $pdata$_ZN6System8Internal7Initcpp16FinalizeRootUnitEPNS1_15TUnitDescriptorE 000000014003b0fc     rtl:System.Internal.InitCPP.o
 0005:00003114       $pdata$_ZN6System8Internal7Initcpp12FinalizationEv 000000014003b114     rtl:System.Internal.InitCPP.o
 0005:00003120       $pdata$_ZN6System8Internal7Initcpp14initializationEv 000000014003b120     rtl:System.Internal.InitCPP.o
 000a:00000010       _ZL15exception_count       0000000140040010     libmingw32:lib64_libmingw32_a-hook_delphieh.o
 000a:00000020       _ZL16exception_object      0000000140040020     libmingw32:lib64_libmingw32_a-hook_delphieh.o
 000b:00000370       $R000000                   0000000140041370     internal .obj file created from .res files
 000b:00000590       $R000001                   0000000140041590     internal .obj file created from .res files
 000b:00000790       $R000002                   0000000140041790     internal .obj file created from .res files
 000b:00001db8       $R000003                   0000000140042db8     internal .obj file created from .res files
 000b:00002c60       $R000004                   0000000140043c60     internal .obj file created from .res files
 000b:00003508       $R000005                   0000000140044508     internal .obj file created from .res files
 000b:00003a70       $R000006                   0000000140044a70     internal .obj file created from .res files
 000b:00009f30       $R000007                   000000014004af30     internal .obj file created from .res files
 000b:0001a758       $R000008                   000000014005b758     internal .obj file created from .res files
 000b:0001e980       $R000009                   000000014005f980     internal .obj file created from .res files
 000b:0001f308       $R00000A                   0000000140060308     internal .obj file created from .res files
 000b:0001f770       $R00000B                   0000000140060770     internal .obj file created from .res files
 000b:0001f7f8       $R00000C                   00000001400607f8     internal .obj file created from .res files
 000b:0001ff08       $R00000D                   0000000140060f08     internal .obj file created from .res files
